Traceback (most recent call last):
  File "/data/vaishak/combined-kv-quant/scripts/01_generate.py", line 855, in <module>
    run(build_parser().parse_args())
  File "/data/vaishak/combined-kv-quant/scripts/01_generate.py", line 511, in run
    method_name, quantizer = parse_method(
  File "/data/vaishak/combined-kv-quant/scripts/01_generate.py", line 73, in parse_method
    flowcache_layer_budget_table = load_layer_budget_table(flowcache_layer_budget_path)
  File "/data/vaishak/combined-kv-quant/scripts/01_generate.py", line 340, in load_layer_budget_table
    payload = json.loads(Path(path_str).read_text(encoding="utf-8"))
  File "/home/suraj/miniforge3/envs/qvg_sf_infer/lib/python3.10/pathlib.py", line 1134, in read_text
    with self.open(mode='r', encoding=encoding, errors=errors) as f:
  File "/home/suraj/miniforge3/envs/qvg_sf_infer/lib/python3.10/pathlib.py", line 1119, in open
    return self._accessor.open(self, mode, buffering, encoding, errors,
FileNotFoundError: [Errno 2] No such file or directory: '/data/vaishak/combined-kv-quant/results/benchmarks/storyeval/storyeval_flowcache_native_7743d4e12ea8_10prompts_10s/metrics/flowcache_profile_layer_budget.json'
$ /home/suraj/miniforge3/envs/qvg_sf_infer/bin/python /data/vaishak/combined-kv-quant/scripts/01_generate.py --results-root /data/vaishak/combined-kv-quant/results/benchmarks/storyeval/storyeval_flowcache_native_7743d4e12ea8_10prompts_10s/profile_pass --method FLOWCACHE_PROFILE --prompt-path /data/vaishak/combined-kv-quant/data/prompts/storyeval/all_prompts.txt --max-prompts 10 --num-output-frames 42 --seed 0 --fps 16 --flowcache-recent-ratio 0.25 --device cuda:0 --use-ema --device cuda:0 --use-ema --flowcache-native-rel-l1-thresh 1.5 --flowcache-native-warmup-steps 0 --low-memory --flowcache-layer-budget-path /data/vaishak/combined-kv-quant/results/benchmarks/storyeval/storyeval_flowcache_native_7743d4e12ea8_10prompts_10s/metrics/flowcache_profile_layer_budget.json
Traceback (most recent call last):
  File "/data/vaishak/combined-kv-quant/scripts/27_run_storyeval_backfill.py", line 547, in <module>
    main()
    ~~~~^^
  File "/data/vaishak/combined-kv-quant/scripts/27_run_storyeval_backfill.py", line 447, in main
    run_cmd(profile_cmd)
    ~~~~~~~^^^^^^^^^^^^^
  File "/data/vaishak/combined-kv-quant/scripts/27_run_storyeval_backfill.py", line 30, in run_cmd
    subprocess.check_call(cmd, cwd=str(REPO_ROOT), env=env)
    ~~~~~~~~~~~~~~~~~~~~~^^^^^^^^^^^^^^^^^^^^^^^^^^^^^^^^^^
  File "/home/vaishak/miniforge3/lib/python3.13/subprocess.py", line 419, in check_call
    raise CalledProcessError(retcode, cmd)
subprocess.CalledProcessError: Command '['/home/suraj/miniforge3/envs/qvg_sf_infer/bin/python', '/data/vaishak/combined-kv-quant/scripts/01_generate.py', '--results-root', '/data/vaishak/combined-kv-quant/results/benchmarks/storyeval/storyeval_flowcache_native_7743d4e12ea8_10prompts_10s/profile_pass', '--method', 'FLOWCACHE_PROFILE', '--prompt-path', '/data/vaishak/combined-kv-quant/data/prompts/storyeval/all_prompts.txt', '--max-prompts', '10', '--num-output-frames', '42', '--seed', '0', '--fps', '16', '--flowcache-recent-ratio', '0.25', '--device', 'cuda:0', '--use-ema', '--device', 'cuda:0', '--use-ema', '--flowcache-native-rel-l1-thresh', '1.5', '--flowcache-native-warmup-steps', '0', '--low-memory', '--flowcache-layer-budget-path', '/data/vaishak/combined-kv-quant/results/benchmarks/storyeval/storyeval_flowcache_native_7743d4e12ea8_10prompts_10s/metrics/flowcache_profile_layer_budget.json']' returned non-zero exit status 1.
Traceback (most recent call last):
  File "/data/vaishak/combined-kv-quant/scripts/01_generate.py", line 855, in <module>
    run(build_parser().parse_args())
  File "/data/vaishak/combined-kv-quant/scripts/01_generate.py", line 511, in run
    method_name, quantizer = parse_method(
  File "/data/vaishak/combined-kv-quant/scripts/01_generate.py", line 73, in parse_method
    flowcache_layer_budget_table = load_layer_budget_table(flowcache_layer_budget_path)
  File "/data/vaishak/combined-kv-quant/scripts/01_generate.py", line 340, in load_layer_budget_table
    payload = json.loads(Path(path_str).read_text(encoding="utf-8"))
  File "/home/suraj/miniforge3/envs/qvg_sf_infer/lib/python3.10/pathlib.py", line 1134, in read_text
    with self.open(mode='r', encoding=encoding, errors=errors) as f:
  File "/home/suraj/miniforge3/envs/qvg_sf_infer/lib/python3.10/pathlib.py", line 1119, in open
    return self._accessor.open(self, mode, buffering, encoding, errors,
FileNotFoundError: [Errno 2] No such file or directory: '/data/vaishak/combined-kv-quant/results/benchmarks/storyeval/storyeval_flowcache_native_soft_prune_int4_56d7f051182b_10prompts_10s/metrics/flowcache_profile_layer_budget.json'
$ /home/suraj/miniforge3/envs/qvg_sf_infer/bin/python /data/vaishak/combined-kv-quant/scripts/01_generate.py --results-root /data/vaishak/combined-kv-quant/results/benchmarks/storyeval/storyeval_flowcache_native_soft_prune_int4_56d7f051182b_10prompts_10s/profile_pass --method FLOWCACHE_PROFILE --prompt-path /data/vaishak/combined-kv-quant/data/prompts/storyeval/all_prompts.txt --max-prompts 10 --num-output-frames 42 --seed 0 --fps 16 --flowcache-recent-ratio 0.25 --device cuda:0 --use-ema --device cuda:0 --use-ema --flowcache-recent-ratio 0.25 --flowcache-recent-bits 4 --flowcache-recent-method RTN --flowcache-old-method RTN --flowcache-min-layer-budget-scale 0.7 --flowcache-max-layer-budget-scale 1.3 --flowcache-important-old-ratio 0.1 --flowcache-importance-alpha 0.7 --flowcache-importance-beta 0.3 --flowcache-prune-retained-old-ratio 0.45 --flowcache-prune-refresh-gap-chunks 1 --flowcache-native-rel-l1-thresh 1.5 --flowcache-native-warmup-steps 0 --low-memory --flowcache-layer-budget-path /data/vaishak/combined-kv-quant/results/benchmarks/storyeval/storyeval_flowcache_native_soft_prune_int4_56d7f051182b_10prompts_10s/metrics/flowcache_profile_layer_budget.json
Traceback (most recent call last):
  File "/data/vaishak/combined-kv-quant/scripts/27_run_storyeval_backfill.py", line 547, in <module>
    main()
    ~~~~^^
  File "/data/vaishak/combined-kv-quant/scripts/27_run_storyeval_backfill.py", line 447, in main
    run_cmd(profile_cmd)
    ~~~~~~~^^^^^^^^^^^^^
  File "/data/vaishak/combined-kv-quant/scripts/27_run_storyeval_backfill.py", line 30, in run_cmd
    subprocess.check_call(cmd, cwd=str(REPO_ROOT), env=env)
    ~~~~~~~~~~~~~~~~~~~~~^^^^^^^^^^^^^^^^^^^^^^^^^^^^^^^^^^
  File "/home/vaishak/miniforge3/lib/python3.13/subprocess.py", line 419, in check_call
    raise CalledProcessError(retcode, cmd)
subprocess.CalledProcessError: Command '['/home/suraj/miniforge3/envs/qvg_sf_infer/bin/python', '/data/vaishak/combined-kv-quant/scripts/01_generate.py', '--results-root', '/data/vaishak/combined-kv-quant/results/benchmarks/storyeval/storyeval_flowcache_native_soft_prune_int4_56d7f051182b_10prompts_10s/profile_pass', '--method', 'FLOWCACHE_PROFILE', '--prompt-path', '/data/vaishak/combined-kv-quant/data/prompts/storyeval/all_prompts.txt', '--max-prompts', '10', '--num-output-frames', '42', '--seed', '0', '--fps', '16', '--flowcache-recent-ratio', '0.25', '--device', 'cuda:0', '--use-ema', '--device', 'cuda:0', '--use-ema', '--flowcache-recent-ratio', '0.25', '--flowcache-recent-bits', '4', '--flowcache-recent-method', 'RTN', '--flowcache-old-method', 'RTN', '--flowcache-min-layer-budget-scale', '0.7', '--flowcache-max-layer-budget-scale', '1.3', '--flowcache-important-old-ratio', '0.1', '--flowcache-importance-alpha', '0.7', '--flowcache-importance-beta', '0.3', '--flowcache-prune-retained-old-ratio', '0.45', '--flowcache-prune-refresh-gap-chunks', '1', '--flowcache-native-rel-l1-thresh', '1.5', '--flowcache-native-warmup-steps', '0', '--low-memory', '--flowcache-layer-budget-path', '/data/vaishak/combined-kv-quant/results/benchmarks/storyeval/storyeval_flowcache_native_soft_prune_int4_56d7f051182b_10prompts_10s/metrics/flowcache_profile_layer_budget.json']' returned non-zero exit status 1.
Traceback (most recent call last):
  File "/data/vaishak/combined-kv-quant/scripts/01_generate.py", line 855, in <module>
    run(build_parser().parse_args())
  File "/data/vaishak/combined-kv-quant/scripts/01_generate.py", line 511, in run
    method_name, quantizer = parse_method(
  File "/data/vaishak/combined-kv-quant/scripts/01_generate.py", line 73, in parse_method
    flowcache_layer_budget_table = load_layer_budget_table(flowcache_layer_budget_path)
  File "/data/vaishak/combined-kv-quant/scripts/01_generate.py", line 340, in load_layer_budget_table
    payload = json.loads(Path(path_str).read_text(encoding="utf-8"))
  File "/home/suraj/miniforge3/envs/qvg_sf_infer/lib/python3.10/pathlib.py", line 1134, in read_text
    with self.open(mode='r', encoding=encoding, errors=errors) as f:
  File "/home/suraj/miniforge3/envs/qvg_sf_infer/lib/python3.10/pathlib.py", line 1119, in open
    return self._accessor.open(self, mode, buffering, encoding, errors,
FileNotFoundError: [Errno 2] No such file or directory: '/data/vaishak/combined-kv-quant/results/benchmarks/storyeval/storyeval_flowcache_prune_int2_990b60e0bbd4_10prompts_10s/metrics/flowcache_profile_layer_budget.json'
$ /home/suraj/miniforge3/envs/qvg_sf_infer/bin/python /data/vaishak/combined-kv-quant/scripts/01_generate.py --results-root /data/vaishak/combined-kv-quant/results/benchmarks/storyeval/storyeval_flowcache_prune_int2_990b60e0bbd4_10prompts_10s/profile_pass --method FLOWCACHE_PROFILE --prompt-path /data/vaishak/combined-kv-quant/data/prompts/storyeval/all_prompts.txt --max-prompts 10 --num-output-frames 42 --seed 0 --fps 16 --flowcache-recent-ratio 0.25 --device cuda:0 --use-ema --device cuda:0 --use-ema --flowcache-recent-ratio 0.25 --flowcache-recent-bits 4 --flowcache-recent-method RTN --flowcache-old-method RTN --flowcache-min-layer-budget-scale 0.7 --flowcache-max-layer-budget-scale 1.3 --flowcache-important-old-ratio 0.1 --flowcache-importance-alpha 0.7 --flowcache-importance-beta 0.3 --flowcache-prune-retained-old-ratio 0.3 --flowcache-prune-refresh-gap-chunks 1 --low-memory --flowcache-layer-budget-path /data/vaishak/combined-kv-quant/results/benchmarks/storyeval/storyeval_flowcache_prune_int2_990b60e0bbd4_10prompts_10s/metrics/flowcache_profile_layer_budget.json
Traceback (most recent call last):
  File "/data/vaishak/combined-kv-quant/scripts/27_run_storyeval_backfill.py", line 547, in <module>
    main()
    ~~~~^^
  File "/data/vaishak/combined-kv-quant/scripts/27_run_storyeval_backfill.py", line 447, in main
    run_cmd(profile_cmd)
    ~~~~~~~^^^^^^^^^^^^^
  File "/data/vaishak/combined-kv-quant/scripts/27_run_storyeval_backfill.py", line 30, in run_cmd
    subprocess.check_call(cmd, cwd=str(REPO_ROOT), env=env)
    ~~~~~~~~~~~~~~~~~~~~~^^^^^^^^^^^^^^^^^^^^^^^^^^^^^^^^^^
  File "/home/vaishak/miniforge3/lib/python3.13/subprocess.py", line 419, in check_call
    raise CalledProcessError(retcode, cmd)
subprocess.CalledProcessError: Command '['/home/suraj/miniforge3/envs/qvg_sf_infer/bin/python', '/data/vaishak/combined-kv-quant/scripts/01_generate.py', '--results-root', '/data/vaishak/combined-kv-quant/results/benchmarks/storyeval/storyeval_flowcache_prune_int2_990b60e0bbd4_10prompts_10s/profile_pass', '--method', 'FLOWCACHE_PROFILE', '--prompt-path', '/data/vaishak/combined-kv-quant/data/prompts/storyeval/all_prompts.txt', '--max-prompts', '10', '--num-output-frames', '42', '--seed', '0', '--fps', '16', '--flowcache-recent-ratio', '0.25', '--device', 'cuda:0', '--use-ema', '--device', 'cuda:0', '--use-ema', '--flowcache-recent-ratio', '0.25', '--flowcache-recent-bits', '4', '--flowcache-recent-method', 'RTN', '--flowcache-old-method', 'RTN', '--flowcache-min-layer-budget-scale', '0.7', '--flowcache-max-layer-budget-scale', '1.3', '--flowcache-important-old-ratio', '0.1', '--flowcache-importance-alpha', '0.7', '--flowcache-importance-beta', '0.3', '--flowcache-prune-retained-old-ratio', '0.3', '--flowcache-prune-refresh-gap-chunks', '1', '--low-memory', '--flowcache-layer-budget-path', '/data/vaishak/combined-kv-quant/results/benchmarks/storyeval/storyeval_flowcache_prune_int2_990b60e0bbd4_10prompts_10s/metrics/flowcache_profile_layer_budget.json']' returned non-zero exit status 1.
Traceback (most recent call last):
  File "/data/vaishak/combined-kv-quant/scripts/01_generate.py", line 855, in <module>
    run(build_parser().parse_args())
  File "/data/vaishak/combined-kv-quant/scripts/01_generate.py", line 511, in run
    method_name, quantizer = parse_method(
  File "/data/vaishak/combined-kv-quant/scripts/01_generate.py", line 73, in parse_method
    flowcache_layer_budget_table = load_layer_budget_table(flowcache_layer_budget_path)
  File "/data/vaishak/combined-kv-quant/scripts/01_generate.py", line 340, in load_layer_budget_table
    payload = json.loads(Path(path_str).read_text(encoding="utf-8"))
  File "/home/suraj/miniforge3/envs/qvg_sf_infer/lib/python3.10/pathlib.py", line 1134, in read_text
    with self.open(mode='r', encoding=encoding, errors=errors) as f:
  File "/home/suraj/miniforge3/envs/qvg_sf_infer/lib/python3.10/pathlib.py", line 1119, in open
    return self._accessor.open(self, mode, buffering, encoding, errors,
FileNotFoundError: [Errno 2] No such file or directory: '/data/vaishak/combined-kv-quant/results/benchmarks/storyeval/storyeval_flowcache_prune_int2_f163dc4eb7a9_10prompts_10s/metrics/flowcache_profile_layer_budget.json'
$ /home/suraj/miniforge3/envs/qvg_sf_infer/bin/python /data/vaishak/combined-kv-quant/scripts/01_generate.py --results-root /data/vaishak/combined-kv-quant/results/benchmarks/storyeval/storyeval_flowcache_prune_int2_f163dc4eb7a9_10prompts_10s/profile_pass --method FLOWCACHE_PROFILE --prompt-path /data/vaishak/combined-kv-quant/data/prompts/storyeval/all_prompts.txt --max-prompts 10 --num-output-frames 42 --seed 0 --fps 16 --flowcache-recent-ratio 0.25 --device cuda:0 --use-ema --device cuda:0 --use-ema --flowcache-recent-ratio 0.25 --flowcache-recent-bits 4 --flowcache-recent-method RTN --flowcache-old-method RTN --flowcache-min-layer-budget-scale 0.7 --flowcache-max-layer-budget-scale 1.3 --flowcache-important-old-ratio 0.1 --flowcache-importance-alpha 0.7 --flowcache-importance-beta 0.3 --flowcache-prune-retained-old-ratio 0.45 --flowcache-prune-refresh-gap-chunks 1 --low-memory --flowcache-layer-budget-path /data/vaishak/combined-kv-quant/results/benchmarks/storyeval/storyeval_flowcache_prune_int2_f163dc4eb7a9_10prompts_10s/metrics/flowcache_profile_layer_budget.json
Traceback (most recent call last):
  File "/data/vaishak/combined-kv-quant/scripts/27_run_storyeval_backfill.py", line 547, in <module>
    main()
    ~~~~^^
  File "/data/vaishak/combined-kv-quant/scripts/27_run_storyeval_backfill.py", line 447, in main
    run_cmd(profile_cmd)
    ~~~~~~~^^^^^^^^^^^^^
  File "/data/vaishak/combined-kv-quant/scripts/27_run_storyeval_backfill.py", line 30, in run_cmd
    subprocess.check_call(cmd, cwd=str(REPO_ROOT), env=env)
    ~~~~~~~~~~~~~~~~~~~~~^^^^^^^^^^^^^^^^^^^^^^^^^^^^^^^^^^
  File "/home/vaishak/miniforge3/lib/python3.13/subprocess.py", line 419, in check_call
    raise CalledProcessError(retcode, cmd)
subprocess.CalledProcessError: Command '['/home/suraj/miniforge3/envs/qvg_sf_infer/bin/python', '/data/vaishak/combined-kv-quant/scripts/01_generate.py', '--results-root', '/data/vaishak/combined-kv-quant/results/benchmarks/storyeval/storyeval_flowcache_prune_int2_f163dc4eb7a9_10prompts_10s/profile_pass', '--method', 'FLOWCACHE_PROFILE', '--prompt-path', '/data/vaishak/combined-kv-quant/data/prompts/storyeval/all_prompts.txt', '--max-prompts', '10', '--num-output-frames', '42', '--seed', '0', '--fps', '16', '--flowcache-recent-ratio', '0.25', '--device', 'cuda:0', '--use-ema', '--device', 'cuda:0', '--use-ema', '--flowcache-recent-ratio', '0.25', '--flowcache-recent-bits', '4', '--flowcache-recent-method', 'RTN', '--flowcache-old-method', 'RTN', '--flowcache-min-layer-budget-scale', '0.7', '--flowcache-max-layer-budget-scale', '1.3', '--flowcache-important-old-ratio', '0.1', '--flowcache-importance-alpha', '0.7', '--flowcache-importance-beta', '0.3', '--flowcache-prune-retained-old-ratio', '0.45', '--flowcache-prune-refresh-gap-chunks', '1', '--low-memory', '--flowcache-layer-budget-path', '/data/vaishak/combined-kv-quant/results/benchmarks/storyeval/storyeval_flowcache_prune_int2_f163dc4eb7a9_10prompts_10s/metrics/flowcache_profile_layer_budget.json']' returned non-zero exit status 1.
Traceback (most recent call last):
  File "/data/vaishak/combined-kv-quant/scripts/01_generate.py", line 855, in <module>
    run(build_parser().parse_args())
  File "/data/vaishak/combined-kv-quant/scripts/01_generate.py", line 511, in run
    method_name, quantizer = parse_method(
  File "/data/vaishak/combined-kv-quant/scripts/01_generate.py", line 73, in parse_method
    flowcache_layer_budget_table = load_layer_budget_table(flowcache_layer_budget_path)
  File "/data/vaishak/combined-kv-quant/scripts/01_generate.py", line 340, in load_layer_budget_table
    payload = json.loads(Path(path_str).read_text(encoding="utf-8"))
  File "/home/suraj/miniforge3/envs/qvg_sf_infer/lib/python3.10/pathlib.py", line 1134, in read_text
    with self.open(mode='r', encoding=encoding, errors=errors) as f:
  File "/home/suraj/miniforge3/envs/qvg_sf_infer/lib/python3.10/pathlib.py", line 1119, in open
    return self._accessor.open(self, mode, buffering, encoding, errors,
FileNotFoundError: [Errno 2] No such file or directory: '/data/vaishak/combined-kv-quant/results/benchmarks/storyeval/storyeval_flowcache_prune_int4_27bbc04277fe_10prompts_10s/metrics/flowcache_profile_layer_budget.json'
$ /home/suraj/miniforge3/envs/qvg_sf_infer/bin/python /data/vaishak/combined-kv-quant/scripts/01_generate.py --results-root /data/vaishak/combined-kv-quant/results/benchmarks/storyeval/storyeval_flowcache_prune_int4_27bbc04277fe_10prompts_10s/profile_pass --method FLOWCACHE_PROFILE --prompt-path /data/vaishak/combined-kv-quant/data/prompts/storyeval/all_prompts.txt --max-prompts 10 --num-output-frames 42 --seed 0 --fps 16 --flowcache-recent-ratio 0.25 --device cuda:0 --use-ema --device cuda:0 --use-ema --flowcache-recent-ratio 0.25 --flowcache-recent-bits 4 --flowcache-recent-method RTN --flowcache-old-method RTN --flowcache-min-layer-budget-scale 0.7 --flowcache-max-layer-budget-scale 1.3 --flowcache-important-old-ratio 0.1 --flowcache-importance-alpha 0.7 --flowcache-importance-beta 0.3 --flowcache-prune-retained-old-ratio 0.45 --flowcache-prune-refresh-gap-chunks 1 --low-memory --flowcache-layer-budget-path /data/vaishak/combined-kv-quant/results/benchmarks/storyeval/storyeval_flowcache_prune_int4_27bbc04277fe_10prompts_10s/metrics/flowcache_profile_layer_budget.json
Traceback (most recent call last):
  File "/data/vaishak/combined-kv-quant/scripts/27_run_storyeval_backfill.py", line 547, in <module>
    main()
    ~~~~^^
  File "/data/vaishak/combined-kv-quant/scripts/27_run_storyeval_backfill.py", line 447, in main
    run_cmd(profile_cmd)
    ~~~~~~~^^^^^^^^^^^^^
  File "/data/vaishak/combined-kv-quant/scripts/27_run_storyeval_backfill.py", line 30, in run_cmd
    subprocess.check_call(cmd, cwd=str(REPO_ROOT), env=env)
    ~~~~~~~~~~~~~~~~~~~~~^^^^^^^^^^^^^^^^^^^^^^^^^^^^^^^^^^
  File "/home/vaishak/miniforge3/lib/python3.13/subprocess.py", line 419, in check_call
    raise CalledProcessError(retcode, cmd)
subprocess.CalledProcessError: Command '['/home/suraj/miniforge3/envs/qvg_sf_infer/bin/python', '/data/vaishak/combined-kv-quant/scripts/01_generate.py', '--results-root', '/data/vaishak/combined-kv-quant/results/benchmarks/storyeval/storyeval_flowcache_prune_int4_27bbc04277fe_10prompts_10s/profile_pass', '--method', 'FLOWCACHE_PROFILE', '--prompt-path', '/data/vaishak/combined-kv-quant/data/prompts/storyeval/all_prompts.txt', '--max-prompts', '10', '--num-output-frames', '42', '--seed', '0', '--fps', '16', '--flowcache-recent-ratio', '0.25', '--device', 'cuda:0', '--use-ema', '--device', 'cuda:0', '--use-ema', '--flowcache-recent-ratio', '0.25', '--flowcache-recent-bits', '4', '--flowcache-recent-method', 'RTN', '--flowcache-old-method', 'RTN', '--flowcache-min-layer-budget-scale', '0.7', '--flowcache-max-layer-budget-scale', '1.3', '--flowcache-important-old-ratio', '0.1', '--flowcache-importance-alpha', '0.7', '--flowcache-importance-beta', '0.3', '--flowcache-prune-retained-old-ratio', '0.45', '--flowcache-prune-refresh-gap-chunks', '1', '--low-memory', '--flowcache-layer-budget-path', '/data/vaishak/combined-kv-quant/results/benchmarks/storyeval/storyeval_flowcache_prune_int4_27bbc04277fe_10prompts_10s/metrics/flowcache_profile_layer_budget.json']' returned non-zero exit status 1.
Traceback (most recent call last):
  File "/data/vaishak/combined-kv-quant/scripts/01_generate.py", line 855, in <module>
    run(build_parser().parse_args())
  File "/data/vaishak/combined-kv-quant/scripts/01_generate.py", line 511, in run
    method_name, quantizer = parse_method(
  File "/data/vaishak/combined-kv-quant/scripts/01_generate.py", line 73, in parse_method
    flowcache_layer_budget_table = load_layer_budget_table(flowcache_layer_budget_path)
  File "/data/vaishak/combined-kv-quant/scripts/01_generate.py", line 340, in load_layer_budget_table
    payload = json.loads(Path(path_str).read_text(encoding="utf-8"))
  File "/home/suraj/miniforge3/envs/qvg_sf_infer/lib/python3.10/pathlib.py", line 1134, in read_text
    with self.open(mode='r', encoding=encoding, errors=errors) as f:
  File "/home/suraj/miniforge3/envs/qvg_sf_infer/lib/python3.10/pathlib.py", line 1119, in open
    return self._accessor.open(self, mode, buffering, encoding, errors,
FileNotFoundError: [Errno 2] No such file or directory: '/data/vaishak/combined-kv-quant/results/benchmarks/storyeval/storyeval_flowcache_soft_prune_int2_24b7f6c1cfbb_10prompts_10s/metrics/flowcache_profile_layer_budget.json'
$ /home/suraj/miniforge3/envs/qvg_sf_infer/bin/python /data/vaishak/combined-kv-quant/scripts/01_generate.py --results-root /data/vaishak/combined-kv-quant/results/benchmarks/storyeval/storyeval_flowcache_soft_prune_int2_24b7f6c1cfbb_10prompts_10s/profile_pass --method FLOWCACHE_PROFILE --prompt-path /data/vaishak/combined-kv-quant/data/prompts/storyeval/all_prompts.txt --max-prompts 10 --num-output-frames 42 --seed 0 --fps 16 --flowcache-recent-ratio 0.25 --device cuda:0 --use-ema --device cuda:0 --use-ema --flowcache-recent-ratio 0.25 --flowcache-recent-bits 4 --flowcache-recent-method RTN --flowcache-old-method RTN --flowcache-min-layer-budget-scale 0.7 --flowcache-max-layer-budget-scale 1.3 --flowcache-important-old-ratio 0.1 --flowcache-importance-alpha 0.7 --flowcache-importance-beta 0.3 --flowcache-prune-retained-old-ratio 0.45 --flowcache-prune-refresh-gap-chunks 1 --low-memory --flowcache-layer-budget-path /data/vaishak/combined-kv-quant/results/benchmarks/storyeval/storyeval_flowcache_soft_prune_int2_24b7f6c1cfbb_10prompts_10s/metrics/flowcache_profile_layer_budget.json
Traceback (most recent call last):
  File "/data/vaishak/combined-kv-quant/scripts/27_run_storyeval_backfill.py", line 547, in <module>
    main()
    ~~~~^^
  File "/data/vaishak/combined-kv-quant/scripts/27_run_storyeval_backfill.py", line 447, in main
    run_cmd(profile_cmd)
    ~~~~~~~^^^^^^^^^^^^^
  File "/data/vaishak/combined-kv-quant/scripts/27_run_storyeval_backfill.py", line 30, in run_cmd
    subprocess.check_call(cmd, cwd=str(REPO_ROOT), env=env)
    ~~~~~~~~~~~~~~~~~~~~~^^^^^^^^^^^^^^^^^^^^^^^^^^^^^^^^^^
  File "/home/vaishak/miniforge3/lib/python3.13/subprocess.py", line 419, in check_call
    raise CalledProcessError(retcode, cmd)
subprocess.CalledProcessError: Command '['/home/suraj/miniforge3/envs/qvg_sf_infer/bin/python', '/data/vaishak/combined-kv-quant/scripts/01_generate.py', '--results-root', '/data/vaishak/combined-kv-quant/results/benchmarks/storyeval/storyeval_flowcache_soft_prune_int2_24b7f6c1cfbb_10prompts_10s/profile_pass', '--method', 'FLOWCACHE_PROFILE', '--prompt-path', '/data/vaishak/combined-kv-quant/data/prompts/storyeval/all_prompts.txt', '--max-prompts', '10', '--num-output-frames', '42', '--seed', '0', '--fps', '16', '--flowcache-recent-ratio', '0.25', '--device', 'cuda:0', '--use-ema', '--device', 'cuda:0', '--use-ema', '--flowcache-recent-ratio', '0.25', '--flowcache-recent-bits', '4', '--flowcache-recent-method', 'RTN', '--flowcache-old-method', 'RTN', '--flowcache-min-layer-budget-scale', '0.7', '--flowcache-max-layer-budget-scale', '1.3', '--flowcache-important-old-ratio', '0.1', '--flowcache-importance-alpha', '0.7', '--flowcache-importance-beta', '0.3', '--flowcache-prune-retained-old-ratio', '0.45', '--flowcache-prune-refresh-gap-chunks', '1', '--low-memory', '--flowcache-layer-budget-path', '/data/vaishak/combined-kv-quant/results/benchmarks/storyeval/storyeval_flowcache_soft_prune_int2_24b7f6c1cfbb_10prompts_10s/metrics/flowcache_profile_layer_budget.json']' returned non-zero exit status 1.
Traceback (most recent call last):
  File "/data/vaishak/combined-kv-quant/scripts/01_generate.py", line 855, in <module>
    run(build_parser().parse_args())
  File "/data/vaishak/combined-kv-quant/scripts/01_generate.py", line 511, in run
    method_name, quantizer = parse_method(
  File "/data/vaishak/combined-kv-quant/scripts/01_generate.py", line 73, in parse_method
    flowcache_layer_budget_table = load_layer_budget_table(flowcache_layer_budget_path)
  File "/data/vaishak/combined-kv-quant/scripts/01_generate.py", line 340, in load_layer_budget_table
    payload = json.loads(Path(path_str).read_text(encoding="utf-8"))
  File "/home/suraj/miniforge3/envs/qvg_sf_infer/lib/python3.10/pathlib.py", line 1134, in read_text
    with self.open(mode='r', encoding=encoding, errors=errors) as f:
  File "/home/suraj/miniforge3/envs/qvg_sf_infer/lib/python3.10/pathlib.py", line 1119, in open
    return self._accessor.open(self, mode, buffering, encoding, errors,
FileNotFoundError: [Errno 2] No such file or directory: '/data/vaishak/combined-kv-quant/results/benchmarks/storyeval/storyeval_flowcache_soft_prune_int4_5f5a998802bd_10prompts_10s/metrics/flowcache_profile_layer_budget.json'
$ /home/suraj/miniforge3/envs/qvg_sf_infer/bin/python /data/vaishak/combined-kv-quant/scripts/01_generate.py --results-root /data/vaishak/combined-kv-quant/results/benchmarks/storyeval/storyeval_flowcache_soft_prune_int4_5f5a998802bd_10prompts_10s/profile_pass --method FLOWCACHE_PROFILE --prompt-path /data/vaishak/combined-kv-quant/data/prompts/storyeval/all_prompts.txt --max-prompts 10 --num-output-frames 42 --seed 0 --fps 16 --flowcache-recent-ratio 0.25 --device cuda:0 --use-ema --device cuda:0 --use-ema --flowcache-recent-ratio 0.25 --flowcache-recent-bits 4 --flowcache-recent-method RTN --flowcache-old-method RTN --flowcache-min-layer-budget-scale 0.7 --flowcache-max-layer-budget-scale 1.3 --flowcache-important-old-ratio 0.1 --flowcache-importance-alpha 0.7 --flowcache-importance-beta 0.3 --flowcache-prune-retained-old-ratio 0.45 --flowcache-prune-refresh-gap-chunks 1 --low-memory --flowcache-layer-budget-path /data/vaishak/combined-kv-quant/results/benchmarks/storyeval/storyeval_flowcache_soft_prune_int4_5f5a998802bd_10prompts_10s/metrics/flowcache_profile_layer_budget.json
Traceback (most recent call last):
  File "/data/vaishak/combined-kv-quant/scripts/27_run_storyeval_backfill.py", line 547, in <module>
    main()
    ~~~~^^
  File "/data/vaishak/combined-kv-quant/scripts/27_run_storyeval_backfill.py", line 447, in main
    run_cmd(profile_cmd)
    ~~~~~~~^^^^^^^^^^^^^
  File "/data/vaishak/combined-kv-quant/scripts/27_run_storyeval_backfill.py", line 30, in run_cmd
    subprocess.check_call(cmd, cwd=str(REPO_ROOT), env=env)
    ~~~~~~~~~~~~~~~~~~~~~^^^^^^^^^^^^^^^^^^^^^^^^^^^^^^^^^^
  File "/home/vaishak/miniforge3/lib/python3.13/subprocess.py", line 419, in check_call
    raise CalledProcessError(retcode, cmd)
subprocess.CalledProcessError: Command '['/home/suraj/miniforge3/envs/qvg_sf_infer/bin/python', '/data/vaishak/combined-kv-quant/scripts/01_generate.py', '--results-root', '/data/vaishak/combined-kv-quant/results/benchmarks/storyeval/storyeval_flowcache_soft_prune_int4_5f5a998802bd_10prompts_10s/profile_pass', '--method', 'FLOWCACHE_PROFILE', '--prompt-path', '/data/vaishak/combined-kv-quant/data/prompts/storyeval/all_prompts.txt', '--max-prompts', '10', '--num-output-frames', '42', '--seed', '0', '--fps', '16', '--flowcache-recent-ratio', '0.25', '--device', 'cuda:0', '--use-ema', '--device', 'cuda:0', '--use-ema', '--flowcache-recent-ratio', '0.25', '--flowcache-recent-bits', '4', '--flowcache-recent-method', 'RTN', '--flowcache-old-method', 'RTN', '--flowcache-min-layer-budget-scale', '0.7', '--flowcache-max-layer-budget-scale', '1.3', '--flowcache-important-old-ratio', '0.1', '--flowcache-importance-alpha', '0.7', '--flowcache-importance-beta', '0.3', '--flowcache-prune-retained-old-ratio', '0.45', '--flowcache-prune-refresh-gap-chunks', '1', '--low-memory', '--flowcache-layer-budget-path', '/data/vaishak/combined-kv-quant/results/benchmarks/storyeval/storyeval_flowcache_soft_prune_int4_5f5a998802bd_10prompts_10s/metrics/flowcache_profile_layer_budget.json']' returned non-zero exit status 1.
/data/vaishak/combined-kv-quant/third_party/Self-Forcing/wan/modules/vae.py:634: FutureWarning: You are using `torch.load` with `weights_only=False` (the current default value), which uses the default pickle module implicitly. It is possible to construct malicious pickle data which will execute arbitrary code during unpickling (See https://github.com/pytorch/pytorch/blob/main/SECURITY.md#untrusted-models for more details). In a future release, the default value for `weights_only` will be flipped to `True`. This limits the functions that could be executed during unpickling. Arbitrary objects will no longer be allowed to be loaded via this mode unless they are explicitly allowlisted by the user via `torch.serialization.add_safe_globals`. We recommend you start setting `weights_only=True` for any use case where you don't have full control of the loaded file. Please open an issue on GitHub for any issues related to this experimental feature.
  torch.load(pretrained_path, map_location=device), assign=True)
/data/vaishak/combined-kv-quant/scripts/01_generate.py:408: FutureWarning: You are using `torch.load` with `weights_only=False` (the current default value), which uses the default pickle module implicitly. It is possible to construct malicious pickle data which will execute arbitrary code during unpickling (See https://github.com/pytorch/pytorch/blob/main/SECURITY.md#untrusted-models for more details). In a future release, the default value for `weights_only` will be flipped to `True`. This limits the functions that could be executed during unpickling. Arbitrary objects will no longer be allowed to be loaded via this mode unless they are explicitly allowlisted by the user via `torch.serialization.add_safe_globals`. We recommend you start setting `weights_only=True` for any use case where you don't have full control of the loaded file. Please open an issue on GitHub for any issues related to this experimental feature.
  state_dict = torch.load(str(checkpoint_path), map_location="cpu")
KV inference with 3 frames per block
Moving DynamicSwap_WanTextEncoder to cuda:0 with preserved memory: 25.303240299224854 GB
current_timestep: 1000.0
current_timestep: 937.5
current_timestep: 833.3333129882812
current_timestep: 625.0
current_timestep: 1000.0
current_timestep: 937.5
current_timestep: 833.3333129882812
current_timestep: 625.0
current_timestep: 1000.0
current_timestep: 937.5
current_timestep: 833.3333129882812
current_timestep: 625.0
current_timestep: 1000.0
current_timestep: 937.5
current_timestep: 833.3333129882812
current_timestep: 625.0
current_timestep: 1000.0
current_timestep: 937.5
current_timestep: 833.3333129882812
current_timestep: 625.0
current_timestep: 1000.0
current_timestep: 937.5
current_timestep: 833.3333129882812
current_timestep: 625.0
current_timestep: 1000.0
current_timestep: 937.5
current_timestep: 833.3333129882812
current_timestep: 625.0
current_timestep: 1000.0
current_timestep: 937.5
current_timestep: 833.3333129882812
current_timestep: 625.0
current_timestep: 1000.0
current_timestep: 937.5
current_timestep: 833.3333129882812
current_timestep: 625.0
current_timestep: 1000.0
current_timestep: 937.5
current_timestep: 833.3333129882812
current_timestep: 625.0
current_timestep: 1000.0
current_timestep: 937.5
current_timestep: 833.3333129882812
current_timestep: 625.0
current_timestep: 1000.0
current_timestep: 937.5
current_timestep: 833.3333129882812
current_timestep: 625.0
current_timestep: 1000.0
current_timestep: 937.5
current_timestep: 833.3333129882812
current_timestep: 625.0
current_timestep: 1000.0
current_timestep: 937.5
current_timestep: 833.3333129882812
current_timestep: 625.0
Moving DynamicSwap_WanTextEncoder to cuda:0 with preserved memory: 24.55411195755005 GB
current_timestep: 1000.0
current_timestep: 937.5
current_timestep: 833.3333129882812
current_timestep: 625.0
current_timestep: 1000.0
current_timestep: 937.5
current_timestep: 833.3333129882812
current_timestep: 625.0
current_timestep: 1000.0
current_timestep: 937.5
current_timestep: 833.3333129882812
current_timestep: 625.0
current_timestep: 1000.0
current_timestep: 937.5
current_timestep: 833.3333129882812
current_timestep: 625.0
current_timestep: 1000.0
current_timestep: 937.5
current_timestep: 833.3333129882812
current_timestep: 625.0
current_timestep: 1000.0
current_timestep: 937.5
current_timestep: 833.3333129882812
current_timestep: 625.0
current_timestep: 1000.0
current_timestep: 937.5
current_timestep: 833.3333129882812
current_timestep: 625.0
current_timestep: 1000.0
current_timestep: 937.5
current_timestep: 833.3333129882812
current_timestep: 625.0
current_timestep: 1000.0
current_timestep: 937.5
current_timestep: 833.3333129882812
current_timestep: 625.0
current_timestep: 1000.0
current_timestep: 937.5
current_timestep: 833.3333129882812
current_timestep: 625.0
current_timestep: 1000.0
current_timestep: 937.5
current_timestep: 833.3333129882812
current_timestep: 625.0
current_timestep: 1000.0
current_timestep: 937.5
current_timestep: 833.3333129882812
current_timestep: 625.0
current_timestep: 1000.0
current_timestep: 937.5
current_timestep: 833.3333129882812
current_timestep: 625.0
current_timestep: 1000.0
current_timestep: 937.5
current_timestep: 833.3333129882812
current_timestep: 625.0
Moving DynamicSwap_WanTextEncoder to cuda:0 with preserved memory: 24.55411195755005 GB
current_timestep: 1000.0
current_timestep: 937.5
current_timestep: 833.3333129882812
current_timestep: 625.0
current_timestep: 1000.0
current_timestep: 937.5
current_timestep: 833.3333129882812
current_timestep: 625.0
current_timestep: 1000.0
current_timestep: 937.5
current_timestep: 833.3333129882812
current_timestep: 625.0
current_timestep: 1000.0
current_timestep: 937.5
current_timestep: 833.3333129882812
current_timestep: 625.0
current_timestep: 1000.0
current_timestep: 937.5
current_timestep: 833.3333129882812
current_timestep: 625.0
current_timestep: 1000.0
current_timestep: 937.5
current_timestep: 833.3333129882812
current_timestep: 625.0
current_timestep: 1000.0
current_timestep: 937.5
current_timestep: 833.3333129882812
current_timestep: 625.0
current_timestep: 1000.0
current_timestep: 937.5
current_timestep: 833.3333129882812
current_timestep: 625.0
current_timestep: 1000.0
current_timestep: 937.5
current_timestep: 833.3333129882812
current_timestep: 625.0
current_timestep: 1000.0
current_timestep: 937.5
current_timestep: 833.3333129882812
current_timestep: 625.0
current_timestep: 1000.0
current_timestep: 937.5
current_timestep: 833.3333129882812
current_timestep: 625.0
current_timestep: 1000.0
current_timestep: 937.5
current_timestep: 833.3333129882812
current_timestep: 625.0
current_timestep: 1000.0
current_timestep: 937.5
current_timestep: 833.3333129882812
current_timestep: 625.0
current_timestep: 1000.0
current_timestep: 937.5
current_timestep: 833.3333129882812
current_timestep: 625.0
Moving DynamicSwap_WanTextEncoder to cuda:0 with preserved memory: 24.55411195755005 GB
current_timestep: 1000.0
current_timestep: 937.5
current_timestep: 833.3333129882812
current_timestep: 625.0
current_timestep: 1000.0
current_timestep: 937.5
current_timestep: 833.3333129882812
current_timestep: 625.0
current_timestep: 1000.0
current_timestep: 937.5
current_timestep: 833.3333129882812
current_timestep: 625.0
current_timestep: 1000.0
current_timestep: 937.5
current_timestep: 833.3333129882812
current_timestep: 625.0
current_timestep: 1000.0
current_timestep: 937.5
current_timestep: 833.3333129882812
current_timestep: 625.0
current_timestep: 1000.0
current_timestep: 937.5
current_timestep: 833.3333129882812
current_timestep: 625.0
current_timestep: 1000.0
current_timestep: 937.5
current_timestep: 833.3333129882812
current_timestep: 625.0
current_timestep: 1000.0
current_timestep: 937.5
current_timestep: 833.3333129882812
current_timestep: 625.0
current_timestep: 1000.0
current_timestep: 937.5
current_timestep: 833.3333129882812
current_timestep: 625.0
current_timestep: 1000.0
current_timestep: 937.5
current_timestep: 833.3333129882812
current_timestep: 625.0
current_timestep: 1000.0
current_timestep: 937.5
current_timestep: 833.3333129882812
current_timestep: 625.0
current_timestep: 1000.0
current_timestep: 937.5
current_timestep: 833.3333129882812
current_timestep: 625.0
current_timestep: 1000.0
current_timestep: 937.5
current_timestep: 833.3333129882812
current_timestep: 625.0
current_timestep: 1000.0
current_timestep: 937.5
current_timestep: 833.3333129882812
current_timestep: 625.0
Moving DynamicSwap_WanTextEncoder to cuda:0 with preserved memory: 24.55411195755005 GB
current_timestep: 1000.0
current_timestep: 937.5
current_timestep: 833.3333129882812
current_timestep: 625.0
current_timestep: 1000.0
current_timestep: 937.5
current_timestep: 833.3333129882812
current_timestep: 625.0
current_timestep: 1000.0
current_timestep: 937.5
current_timestep: 833.3333129882812
current_timestep: 625.0
current_timestep: 1000.0
current_timestep: 937.5
current_timestep: 833.3333129882812
current_timestep: 625.0
current_timestep: 1000.0
current_timestep: 937.5
current_timestep: 833.3333129882812
current_timestep: 625.0
current_timestep: 1000.0
current_timestep: 937.5
current_timestep: 833.3333129882812
current_timestep: 625.0
current_timestep: 1000.0
current_timestep: 937.5
current_timestep: 833.3333129882812
current_timestep: 625.0
current_timestep: 1000.0
current_timestep: 937.5
current_timestep: 833.3333129882812
current_timestep: 625.0
current_timestep: 1000.0
current_timestep: 937.5
current_timestep: 833.3333129882812
current_timestep: 625.0
current_timestep: 1000.0
current_timestep: 937.5
current_timestep: 833.3333129882812
current_timestep: 625.0
current_timestep: 1000.0
current_timestep: 937.5
current_timestep: 833.3333129882812
current_timestep: 625.0
current_timestep: 1000.0
current_timestep: 937.5
current_timestep: 833.3333129882812
current_timestep: 625.0
current_timestep: 1000.0
current_timestep: 937.5
current_timestep: 833.3333129882812
current_timestep: 625.0
current_timestep: 1000.0
current_timestep: 937.5
current_timestep: 833.3333129882812
current_timestep: 625.0
Moving DynamicSwap_WanTextEncoder to cuda:0 with preserved memory: 24.55411195755005 GB
current_timestep: 1000.0
current_timestep: 937.5
current_timestep: 833.3333129882812
current_timestep: 625.0
current_timestep: 1000.0
current_timestep: 937.5
current_timestep: 833.3333129882812
current_timestep: 625.0
current_timestep: 1000.0
current_timestep: 937.5
current_timestep: 833.3333129882812
current_timestep: 625.0
current_timestep: 1000.0
current_timestep: 937.5
current_timestep: 833.3333129882812
current_timestep: 625.0
current_timestep: 1000.0
current_timestep: 937.5
current_timestep: 833.3333129882812
current_timestep: 625.0
current_timestep: 1000.0
current_timestep: 937.5
current_timestep: 833.3333129882812
current_timestep: 625.0
current_timestep: 1000.0
current_timestep: 937.5
current_timestep: 833.3333129882812
current_timestep: 625.0
current_timestep: 1000.0
current_timestep: 937.5
current_timestep: 833.3333129882812
current_timestep: 625.0
current_timestep: 1000.0
current_timestep: 937.5
current_timestep: 833.3333129882812
current_timestep: 625.0
current_timestep: 1000.0
current_timestep: 937.5
current_timestep: 833.3333129882812
current_timestep: 625.0
current_timestep: 1000.0
current_timestep: 937.5
current_timestep: 833.3333129882812
current_timestep: 625.0
current_timestep: 1000.0
current_timestep: 937.5
current_timestep: 833.3333129882812
current_timestep: 625.0
current_timestep: 1000.0
current_timestep: 937.5
current_timestep: 833.3333129882812
current_timestep: 625.0
current_timestep: 1000.0
current_timestep: 937.5
current_timestep: 833.3333129882812
current_timestep: 625.0
Moving DynamicSwap_WanTextEncoder to cuda:0 with preserved memory: 24.55411195755005 GB
current_timestep: 1000.0
current_timestep: 937.5
current_timestep: 833.3333129882812
current_timestep: 625.0
current_timestep: 1000.0
current_timestep: 937.5
current_timestep: 833.3333129882812
current_timestep: 625.0
current_timestep: 1000.0
current_timestep: 937.5
current_timestep: 833.3333129882812
current_timestep: 625.0
current_timestep: 1000.0
current_timestep: 937.5
current_timestep: 833.3333129882812
current_timestep: 625.0
current_timestep: 1000.0
current_timestep: 937.5
current_timestep: 833.3333129882812
current_timestep: 625.0
current_timestep: 1000.0
current_timestep: 937.5
current_timestep: 833.3333129882812
current_timestep: 625.0
current_timestep: 1000.0
current_timestep: 937.5
current_timestep: 833.3333129882812
current_timestep: 625.0
current_timestep: 1000.0
current_timestep: 937.5
current_timestep: 833.3333129882812
current_timestep: 625.0
current_timestep: 1000.0
current_timestep: 937.5
current_timestep: 833.3333129882812
current_timestep: 625.0
current_timestep: 1000.0
current_timestep: 937.5
current_timestep: 833.3333129882812
current_timestep: 625.0
current_timestep: 1000.0
current_timestep: 937.5
current_timestep: 833.3333129882812
current_timestep: 625.0
current_timestep: 1000.0
current_timestep: 937.5
current_timestep: 833.3333129882812
current_timestep: 625.0
current_timestep: 1000.0
current_timestep: 937.5
current_timestep: 833.3333129882812
current_timestep: 625.0
current_timestep: 1000.0
current_timestep: 937.5
current_timestep: 833.3333129882812
current_timestep: 625.0
Moving DynamicSwap_WanTextEncoder to cuda:0 with preserved memory: 24.55411195755005 GB
current_timestep: 1000.0
current_timestep: 937.5
current_timestep: 833.3333129882812
current_timestep: 625.0
current_timestep: 1000.0
current_timestep: 937.5
current_timestep: 833.3333129882812
current_timestep: 625.0
current_timestep: 1000.0
current_timestep: 937.5
current_timestep: 833.3333129882812
current_timestep: 625.0
current_timestep: 1000.0
current_timestep: 937.5
current_timestep: 833.3333129882812
current_timestep: 625.0
current_timestep: 1000.0
current_timestep: 937.5
current_timestep: 833.3333129882812
current_timestep: 625.0
current_timestep: 1000.0
current_timestep: 937.5
current_timestep: 833.3333129882812
current_timestep: 625.0
current_timestep: 1000.0
current_timestep: 937.5
current_timestep: 833.3333129882812
current_timestep: 625.0
current_timestep: 1000.0
current_timestep: 937.5
current_timestep: 833.3333129882812
current_timestep: 625.0
current_timestep: 1000.0
current_timestep: 937.5
current_timestep: 833.3333129882812
current_timestep: 625.0
current_timestep: 1000.0
current_timestep: 937.5
current_timestep: 833.3333129882812
current_timestep: 625.0
current_timestep: 1000.0
current_timestep: 937.5
current_timestep: 833.3333129882812
current_timestep: 625.0
current_timestep: 1000.0
current_timestep: 937.5
current_timestep: 833.3333129882812
current_timestep: 625.0
current_timestep: 1000.0
current_timestep: 937.5
current_timestep: 833.3333129882812
current_timestep: 625.0
current_timestep: 1000.0
current_timestep: 937.5
current_timestep: 833.3333129882812
current_timestep: 625.0
Moving DynamicSwap_WanTextEncoder to cuda:0 with preserved memory: 24.55411195755005 GB
current_timestep: 1000.0
current_timestep: 937.5
current_timestep: 833.3333129882812
current_timestep: 625.0
current_timestep: 1000.0
current_timestep: 937.5
current_timestep: 833.3333129882812
current_timestep: 625.0
current_timestep: 1000.0
current_timestep: 937.5
current_timestep: 833.3333129882812
current_timestep: 625.0
current_timestep: 1000.0
current_timestep: 937.5
current_timestep: 833.3333129882812
current_timestep: 625.0
current_timestep: 1000.0
current_timestep: 937.5
current_timestep: 833.3333129882812
current_timestep: 625.0
current_timestep: 1000.0
current_timestep: 937.5
current_timestep: 833.3333129882812
current_timestep: 625.0
current_timestep: 1000.0
current_timestep: 937.5
current_timestep: 833.3333129882812
current_timestep: 625.0
current_timestep: 1000.0
current_timestep: 937.5
current_timestep: 833.3333129882812
current_timestep: 625.0
current_timestep: 1000.0
current_timestep: 937.5
current_timestep: 833.3333129882812
current_timestep: 625.0
current_timestep: 1000.0
current_timestep: 937.5
current_timestep: 833.3333129882812
current_timestep: 625.0
current_timestep: 1000.0
current_timestep: 937.5
current_timestep: 833.3333129882812
current_timestep: 625.0
current_timestep: 1000.0
current_timestep: 937.5
current_timestep: 833.3333129882812
current_timestep: 625.0
current_timestep: 1000.0
current_timestep: 937.5
current_timestep: 833.3333129882812
current_timestep: 625.0
current_timestep: 1000.0
current_timestep: 937.5
current_timestep: 833.3333129882812
current_timestep: 625.0
Moving DynamicSwap_WanTextEncoder to cuda:0 with preserved memory: 24.55411195755005 GB
current_timestep: 1000.0
current_timestep: 937.5
current_timestep: 833.3333129882812
current_timestep: 625.0
current_timestep: 1000.0
current_timestep: 937.5
current_timestep: 833.3333129882812
current_timestep: 625.0
current_timestep: 1000.0
current_timestep: 937.5
current_timestep: 833.3333129882812
current_timestep: 625.0
current_timestep: 1000.0
current_timestep: 937.5
current_timestep: 833.3333129882812
current_timestep: 625.0
current_timestep: 1000.0
current_timestep: 937.5
current_timestep: 833.3333129882812
current_timestep: 625.0
current_timestep: 1000.0
current_timestep: 937.5
current_timestep: 833.3333129882812
current_timestep: 625.0
current_timestep: 1000.0
current_timestep: 937.5
current_timestep: 833.3333129882812
current_timestep: 625.0
current_timestep: 1000.0
current_timestep: 937.5
current_timestep: 833.3333129882812
current_timestep: 625.0
current_timestep: 1000.0
current_timestep: 937.5
current_timestep: 833.3333129882812
current_timestep: 625.0
current_timestep: 1000.0
current_timestep: 937.5
current_timestep: 833.3333129882812
current_timestep: 625.0
current_timestep: 1000.0
current_timestep: 937.5
current_timestep: 833.3333129882812
current_timestep: 625.0
current_timestep: 1000.0
current_timestep: 937.5
current_timestep: 833.3333129882812
current_timestep: 625.0
current_timestep: 1000.0
current_timestep: 937.5
current_timestep: 833.3333129882812
current_timestep: 625.0
current_timestep: 1000.0
current_timestep: 937.5
current_timestep: 833.3333129882812
current_timestep: 625.0
{
  "method": "PRQ_INT2",
  "num_prompts": 10,
  "num_samples": 1,
  "total_runtime_s": 1556.3781167413108,
  "avg_runtime_s_per_prompt": 155.6378116741311,
  "peak_vram_bytes": 22211481600,
  "quantize_time_s": 721.002659660764,
  "dequantize_time_s": 3.277364095672965,
  "bf16_kv_bytes": 12076646400,
  "compressed_kv_bytes": 6038323200,
  "compression_ratio": 2.0,
  "first_video_shape": [
    1,
    165,
    3,
    480,
    832
  ]
}
[W310 17:53:39.531277666 CUDAAllocatorConfig.h:28] Warning: expandable_segments not supported on this platform (function operator())
[rank0]:[W310 17:53:39.772693991 ProcessGroupNCCL.cpp:4115] [PG ID 0 PG GUID 0 Rank 0]  using GPU 0 to perform barrier as devices used by this process are currently unknown. This can potentially cause a hang if this rank to GPU mapping is incorrect.Specify device_ids in barrier() to force use of a particular device,or call init_process_group() with a device_id.
/home/suraj/miniforge3/envs/qvg_sf_eval/lib/python3.10/site-packages/clip/clip.py:6: UserWarning: pkg_resources is deprecated as an API. See https://setuptools.pypa.io/en/latest/pkg_resources.html. The pkg_resources package is slated for removal as early as 2025-11-30. Refrain from using this package or pin to Setuptools<81.
  from pkg_resources import packaging
args: Namespace(output_path='/data/vaishak/combined-kv-quant/results/benchmarks/storyeval/storyeval_prq_int2_c800cfa2a981_10prompts_10s/metrics/vbench_raw', full_json_dir='/data/vaishak/combined-kv-quant/third_party/VBench/vbench/VBench_full_info.json', videos_path='/data/vaishak/combined-kv-quant/results/benchmarks/storyeval/storyeval_prq_int2_c800cfa2a981_10prompts_10s/videos', dimension=['background_consistency', 'imaging_quality', 'subject_consistency', 'aesthetic_quality'], load_ckpt_from_local=None, read_frame=None, mode='custom_input', prompt='None', prompt_file='/data/vaishak/combined-kv-quant/results/benchmarks/storyeval/storyeval_prq_int2_c800cfa2a981_10prompts_10s/metrics/vbench_prompt_map.json', category=None, imaging_quality_preprocessing_mode='longer')
start evaluation
Evaluation meta data saved to /data/vaishak/combined-kv-quant/results/benchmarks/storyeval/storyeval_prq_int2_c800cfa2a981_10prompts_10s/metrics/vbench_raw/results_2026-03-10-17:53:39_full_info.json
cur_full_info_path: /data/vaishak/combined-kv-quant/results/benchmarks/storyeval/storyeval_prq_int2_c800cfa2a981_10prompts_10s/metrics/vbench_raw/results_2026-03-10-17:53:39_full_info.json
  0%|          | 0/10 [00:00<?, ?it/s] 10%|█         | 1/10 [00:00<00:06,  1.48it/s] 20%|██        | 2/10 [00:01<00:05,  1.54it/s] 30%|███       | 3/10 [00:01<00:04,  1.62it/s] 40%|████      | 4/10 [00:02<00:03,  1.63it/s] 50%|█████     | 5/10 [00:03<00:03,  1.61it/s] 60%|██████    | 6/10 [00:03<00:02,  1.60it/s] 70%|███████   | 7/10 [00:04<00:01,  1.63it/s] 80%|████████  | 8/10 [00:04<00:01,  1.62it/s] 90%|█████████ | 9/10 [00:05<00:00,  1.61it/s]100%|██████████| 10/10 [00:06<00:00,  1.64it/s]100%|██████████| 10/10 [00:06<00:00,  1.62it/s]
/home/suraj/miniforge3/envs/qvg_sf_eval/lib/python3.10/site-packages/timm/models/layers/__init__.py:48: FutureWarning: Importing from timm.models.layers is deprecated, please import via timm.layers
  warnings.warn(f"Importing from {__name__} is deprecated, please import via timm.layers", FutureWarning)
/home/suraj/miniforge3/envs/qvg_sf_eval/lib/python3.10/site-packages/pyiqa/archs/arch_util.py:118: FutureWarning: You are using `torch.load` with `weights_only=False` (the current default value), which uses the default pickle module implicitly. It is possible to construct malicious pickle data which will execute arbitrary code during unpickling (See https://github.com/pytorch/pytorch/blob/main/SECURITY.md#untrusted-models for more details). In a future release, the default value for `weights_only` will be flipped to `True`. This limits the functions that could be executed during unpickling. Arbitrary objects will no longer be allowed to be loaded via this mode unless they are explicitly allowlisted by the user via `torch.serialization.add_safe_globals`. We recommend you start setting `weights_only=True` for any use case where you don't have full control of the loaded file. Please open an issue on GitHub for any issues related to this experimental feature.
  state_dict = torch.load(model_path, map_location=torch.device("cpu"))
cur_full_info_path: /data/vaishak/combined-kv-quant/results/benchmarks/storyeval/storyeval_prq_int2_c800cfa2a981_10prompts_10s/metrics/vbench_raw/results_2026-03-10-17:53:39_full_info.json
Loading pretrained model MUSIQ from /home/vaishak/.cache/vbench/pyiqa_model/musiq_spaq_ckpt-358bb6af.pth
  0%|          | 0/10 [00:00<?, ?it/s] 10%|█         | 1/10 [00:03<00:28,  3.17s/it] 20%|██        | 2/10 [00:06<00:25,  3.17s/it] 30%|███       | 3/10 [00:09<00:21,  3.13s/it] 40%|████      | 4/10 [00:12<00:18,  3.10s/it] 50%|█████     | 5/10 [00:15<00:15,  3.06s/it] 60%|██████    | 6/10 [00:18<00:12,  3.01s/it] 70%|███████   | 7/10 [00:21<00:08,  2.97s/it] 80%|████████  | 8/10 [00:24<00:05,  2.96s/it] 90%|█████████ | 9/10 [00:27<00:02,  2.95s/it]100%|██████████| 10/10 [00:30<00:00,  2.93s/it]100%|██████████| 10/10 [00:30<00:00,  3.00s/it]
Using cache found in /home/vaishak/.cache/torch/hub/facebookresearch_dino_main
2026-03-10 17:54:21,484 - vbench.subject_consistency - INFO - Initialize DINO success
cur_full_info_path: /data/vaishak/combined-kv-quant/results/benchmarks/storyeval/storyeval_prq_int2_c800cfa2a981_10prompts_10s/metrics/vbench_raw/results_2026-03-10-17:53:39_full_info.json
  0%|          | 0/10 [00:00<?, ?it/s] 10%|█         | 1/10 [00:02<00:18,  2.09s/it] 20%|██        | 2/10 [00:04<00:16,  2.10s/it] 30%|███       | 3/10 [00:06<00:14,  2.10s/it] 40%|████      | 4/10 [00:08<00:12,  2.11s/it] 50%|█████     | 5/10 [00:10<00:10,  2.12s/it] 60%|██████    | 6/10 [00:12<00:08,  2.12s/it] 70%|███████   | 7/10 [00:14<00:06,  2.11s/it] 80%|████████  | 8/10 [00:16<00:04,  2.11s/it] 90%|█████████ | 9/10 [00:18<00:02,  2.11s/it]100%|██████████| 10/10 [00:21<00:00,  2.11s/it]100%|██████████| 10/10 [00:21<00:00,  2.11s/it]
/data/vaishak/kv-quant-longhorizon/third_party/VBench/vbench/aesthetic_quality.py:41: FutureWarning: You are using `torch.load` with `weights_only=False` (the current default value), which uses the default pickle module implicitly. It is possible to construct malicious pickle data which will execute arbitrary code during unpickling (See https://github.com/pytorch/pytorch/blob/main/SECURITY.md#untrusted-models for more details). In a future release, the default value for `weights_only` will be flipped to `True`. This limits the functions that could be executed during unpickling. Arbitrary objects will no longer be allowed to be loaded via this mode unless they are explicitly allowlisted by the user via `torch.serialization.add_safe_globals`. We recommend you start setting `weights_only=True` for any use case where you don't have full control of the loaded file. Please open an issue on GitHub for any issues related to this experimental feature.
  s = torch.load(path_to_model)
cur_full_info_path: /data/vaishak/combined-kv-quant/results/benchmarks/storyeval/storyeval_prq_int2_c800cfa2a981_10prompts_10s/metrics/vbench_raw/results_2026-03-10-17:53:39_full_info.json
  0%|          | 0/10 [00:00<?, ?it/s] 10%|█         | 1/10 [00:00<00:08,  1.07it/s] 20%|██        | 2/10 [00:01<00:07,  1.01it/s] 30%|███       | 3/10 [00:02<00:06,  1.00it/s] 40%|████      | 4/10 [00:04<00:06,  1.01s/it] 50%|█████     | 5/10 [00:05<00:05,  1.02s/it] 60%|██████    | 6/10 [00:06<00:04,  1.04s/it] 70%|███████   | 7/10 [00:07<00:03,  1.04s/it] 80%|████████  | 8/10 [00:08<00:02,  1.04s/it] 90%|█████████ | 9/10 [00:09<00:01,  1.04s/it]100%|██████████| 10/10 [00:10<00:00,  1.04s/it]100%|██████████| 10/10 [00:10<00:00,  1.03s/it]
Evaluation results saved to /data/vaishak/combined-kv-quant/results/benchmarks/storyeval/storyeval_prq_int2_c800cfa2a981_10prompts_10s/metrics/vbench_raw/results_2026-03-10-17:53:39_eval_results.json
done
[rank0]:[W310 17:55:00.705729371 ProcessGroupNCCL.cpp:1250] Warning: WARNING: process group has NOT been destroyed before we destruct ProcessGroupNCCL. On normal program exit, the application should call destroy_process_group to ensure that any pending NCCL operations have finished in this process. In rare cases this process can exit before this point and block the progress of another member of the process group. This constraint has always been present,  but this warning has only been added since PyTorch 2.4 (function operator())
Wrote /data/vaishak/combined-kv-quant/results/benchmarks/storyeval/storyeval_prq_int2_c800cfa2a981_10prompts_10s/metrics/vbench.json
[W310 17:55:11.717674561 CUDAAllocatorConfig.h:28] Warning: expandable_segments not supported on this platform (function operator())
[rank0]:[W310 17:55:11.970618134 ProcessGroupNCCL.cpp:4115] [PG ID 0 PG GUID 0 Rank 0]  using GPU 0 to perform barrier as devices used by this process are currently unknown. This can potentially cause a hang if this rank to GPU mapping is incorrect.Specify device_ids in barrier() to force use of a particular device,or call init_process_group() with a device_id.
/home/suraj/miniforge3/envs/qvg_sf_eval/lib/python3.10/site-packages/clip/clip.py:6: UserWarning: pkg_resources is deprecated as an API. See https://setuptools.pypa.io/en/latest/pkg_resources.html. The pkg_resources package is slated for removal as early as 2025-11-30. Refrain from using this package or pin to Setuptools<81.
  from pkg_resources import packaging
/home/suraj/miniforge3/envs/qvg_sf_eval/lib/python3.10/site-packages/timm/models/layers/__init__.py:48: FutureWarning: Importing from timm.models.layers is deprecated, please import via timm.layers
  warnings.warn(f"Importing from {__name__} is deprecated, please import via timm.layers", FutureWarning)
/home/suraj/miniforge3/envs/qvg_sf_eval/lib/python3.10/site-packages/pyiqa/archs/arch_util.py:118: FutureWarning: You are using `torch.load` with `weights_only=False` (the current default value), which uses the default pickle module implicitly. It is possible to construct malicious pickle data which will execute arbitrary code during unpickling (See https://github.com/pytorch/pytorch/blob/main/SECURITY.md#untrusted-models for more details). In a future release, the default value for `weights_only` will be flipped to `True`. This limits the functions that could be executed during unpickling. Arbitrary objects will no longer be allowed to be loaded via this mode unless they are explicitly allowlisted by the user via `torch.serialization.add_safe_globals`. We recommend you start setting `weights_only=True` for any use case where you don't have full control of the loaded file. Please open an issue on GitHub for any issues related to this experimental feature.
  state_dict = torch.load(model_path, map_location=torch.device("cpu"))
args: Namespace(output_path='/data/vaishak/combined-kv-quant/results/benchmarks/storyeval/storyeval_prq_int2_c800cfa2a981_10prompts_10s/metrics/drift_work/vbench_imaging_quality_50', full_json_dir='/data/vaishak/combined-kv-quant/third_party/VBench/vbench/VBench_full_info.json', videos_path='/data/vaishak/combined-kv-quant/results/benchmarks/storyeval/storyeval_prq_int2_c800cfa2a981_10prompts_10s/metrics/drift_work/clips_50', dimension=['imaging_quality'], load_ckpt_from_local=None, read_frame=None, mode='custom_input', prompt='None', prompt_file='/data/vaishak/combined-kv-quant/results/benchmarks/storyeval/storyeval_prq_int2_c800cfa2a981_10prompts_10s/metrics/drift_work/prompt_map_50.json', category=None, imaging_quality_preprocessing_mode='longer')
start evaluation
Evaluation meta data saved to /data/vaishak/combined-kv-quant/results/benchmarks/storyeval/storyeval_prq_int2_c800cfa2a981_10prompts_10s/metrics/drift_work/vbench_imaging_quality_50/results_2026-03-10-17:55:11_full_info.json
cur_full_info_path: /data/vaishak/combined-kv-quant/results/benchmarks/storyeval/storyeval_prq_int2_c800cfa2a981_10prompts_10s/metrics/drift_work/vbench_imaging_quality_50/results_2026-03-10-17:55:11_full_info.json
Loading pretrained model MUSIQ from /home/vaishak/.cache/vbench/pyiqa_model/musiq_spaq_ckpt-358bb6af.pth
  0%|          | 0/10 [00:00<?, ?it/s] 10%|█         | 1/10 [00:01<00:11,  1.24s/it] 20%|██        | 2/10 [00:02<00:09,  1.14s/it] 30%|███       | 3/10 [00:03<00:07,  1.05s/it] 40%|████      | 4/10 [00:04<00:06,  1.03s/it] 50%|█████     | 5/10 [00:05<00:05,  1.03s/it] 60%|██████    | 6/10 [00:06<00:04,  1.00s/it] 70%|███████   | 7/10 [00:07<00:02,  1.02it/s] 80%|████████  | 8/10 [00:08<00:01,  1.01it/s] 90%|█████████ | 9/10 [00:09<00:00,  1.02it/s]100%|██████████| 10/10 [00:10<00:00,  1.01it/s]100%|██████████| 10/10 [00:10<00:00,  1.01s/it]
Evaluation results saved to /data/vaishak/combined-kv-quant/results/benchmarks/storyeval/storyeval_prq_int2_c800cfa2a981_10prompts_10s/metrics/drift_work/vbench_imaging_quality_50/results_2026-03-10-17:55:11_eval_results.json
done
[rank0]:[W310 17:55:23.073908323 ProcessGroupNCCL.cpp:1250] Warning: WARNING: process group has NOT been destroyed before we destruct ProcessGroupNCCL. On normal program exit, the application should call destroy_process_group to ensure that any pending NCCL operations have finished in this process. In rare cases this process can exit before this point and block the progress of another member of the process group. This constraint has always been present,  but this warning has only been added since PyTorch 2.4 (function operator())
[W310 17:55:32.725083773 CUDAAllocatorConfig.h:28] Warning: expandable_segments not supported on this platform (function operator())
[rank0]:[W310 17:55:32.967382095 ProcessGroupNCCL.cpp:4115] [PG ID 0 PG GUID 0 Rank 0]  using GPU 0 to perform barrier as devices used by this process are currently unknown. This can potentially cause a hang if this rank to GPU mapping is incorrect.Specify device_ids in barrier() to force use of a particular device,or call init_process_group() with a device_id.
/home/suraj/miniforge3/envs/qvg_sf_eval/lib/python3.10/site-packages/clip/clip.py:6: UserWarning: pkg_resources is deprecated as an API. See https://setuptools.pypa.io/en/latest/pkg_resources.html. The pkg_resources package is slated for removal as early as 2025-11-30. Refrain from using this package or pin to Setuptools<81.
  from pkg_resources import packaging
/home/suraj/miniforge3/envs/qvg_sf_eval/lib/python3.10/site-packages/timm/models/layers/__init__.py:48: FutureWarning: Importing from timm.models.layers is deprecated, please import via timm.layers
  warnings.warn(f"Importing from {__name__} is deprecated, please import via timm.layers", FutureWarning)
/home/suraj/miniforge3/envs/qvg_sf_eval/lib/python3.10/site-packages/pyiqa/archs/arch_util.py:118: FutureWarning: You are using `torch.load` with `weights_only=False` (the current default value), which uses the default pickle module implicitly. It is possible to construct malicious pickle data which will execute arbitrary code during unpickling (See https://github.com/pytorch/pytorch/blob/main/SECURITY.md#untrusted-models for more details). In a future release, the default value for `weights_only` will be flipped to `True`. This limits the functions that could be executed during unpickling. Arbitrary objects will no longer be allowed to be loaded via this mode unless they are explicitly allowlisted by the user via `torch.serialization.add_safe_globals`. We recommend you start setting `weights_only=True` for any use case where you don't have full control of the loaded file. Please open an issue on GitHub for any issues related to this experimental feature.
  state_dict = torch.load(model_path, map_location=torch.device("cpu"))
args: Namespace(output_path='/data/vaishak/combined-kv-quant/results/benchmarks/storyeval/storyeval_prq_int2_c800cfa2a981_10prompts_10s/metrics/drift_work/vbench_imaging_quality_100', full_json_dir='/data/vaishak/combined-kv-quant/third_party/VBench/vbench/VBench_full_info.json', videos_path='/data/vaishak/combined-kv-quant/results/benchmarks/storyeval/storyeval_prq_int2_c800cfa2a981_10prompts_10s/metrics/drift_work/clips_100', dimension=['imaging_quality'], load_ckpt_from_local=None, read_frame=None, mode='custom_input', prompt='None', prompt_file='/data/vaishak/combined-kv-quant/results/benchmarks/storyeval/storyeval_prq_int2_c800cfa2a981_10prompts_10s/metrics/drift_work/prompt_map_100.json', category=None, imaging_quality_preprocessing_mode='longer')
start evaluation
Evaluation meta data saved to /data/vaishak/combined-kv-quant/results/benchmarks/storyeval/storyeval_prq_int2_c800cfa2a981_10prompts_10s/metrics/drift_work/vbench_imaging_quality_100/results_2026-03-10-17:55:32_full_info.json
cur_full_info_path: /data/vaishak/combined-kv-quant/results/benchmarks/storyeval/storyeval_prq_int2_c800cfa2a981_10prompts_10s/metrics/drift_work/vbench_imaging_quality_100/results_2026-03-10-17:55:32_full_info.json
Loading pretrained model MUSIQ from /home/vaishak/.cache/vbench/pyiqa_model/musiq_spaq_ckpt-358bb6af.pth
  0%|          | 0/10 [00:00<?, ?it/s] 10%|█         | 1/10 [00:02<00:18,  2.04s/it] 20%|██        | 2/10 [00:03<00:14,  1.87s/it] 30%|███       | 3/10 [00:05<00:12,  1.84s/it] 40%|████      | 4/10 [00:07<00:10,  1.79s/it] 50%|█████     | 5/10 [00:09<00:09,  1.80s/it] 60%|██████    | 6/10 [00:10<00:07,  1.79s/it] 70%|███████   | 7/10 [00:12<00:05,  1.81s/it] 80%|████████  | 8/10 [00:14<00:03,  1.85s/it] 90%|█████████ | 9/10 [00:16<00:01,  1.87s/it]100%|██████████| 10/10 [00:18<00:00,  1.87s/it]100%|██████████| 10/10 [00:18<00:00,  1.85s/it]
Evaluation results saved to /data/vaishak/combined-kv-quant/results/benchmarks/storyeval/storyeval_prq_int2_c800cfa2a981_10prompts_10s/metrics/drift_work/vbench_imaging_quality_100/results_2026-03-10-17:55:32_eval_results.json
done
[rank0]:[W310 17:55:53.371027566 ProcessGroupNCCL.cpp:1250] Warning: WARNING: process group has NOT been destroyed before we destruct ProcessGroupNCCL. On normal program exit, the application should call destroy_process_group to ensure that any pending NCCL operations have finished in this process. In rare cases this process can exit before this point and block the progress of another member of the process group. This constraint has always been present,  but this warning has only been added since PyTorch 2.4 (function operator())
[W310 17:56:03.436920291 CUDAAllocatorConfig.h:28] Warning: expandable_segments not supported on this platform (function operator())
[rank0]:[W310 17:56:03.677705188 ProcessGroupNCCL.cpp:4115] [PG ID 0 PG GUID 0 Rank 0]  using GPU 0 to perform barrier as devices used by this process are currently unknown. This can potentially cause a hang if this rank to GPU mapping is incorrect.Specify device_ids in barrier() to force use of a particular device,or call init_process_group() with a device_id.
/home/suraj/miniforge3/envs/qvg_sf_eval/lib/python3.10/site-packages/clip/clip.py:6: UserWarning: pkg_resources is deprecated as an API. See https://setuptools.pypa.io/en/latest/pkg_resources.html. The pkg_resources package is slated for removal as early as 2025-11-30. Refrain from using this package or pin to Setuptools<81.
  from pkg_resources import packaging
/home/suraj/miniforge3/envs/qvg_sf_eval/lib/python3.10/site-packages/timm/models/layers/__init__.py:48: FutureWarning: Importing from timm.models.layers is deprecated, please import via timm.layers
  warnings.warn(f"Importing from {__name__} is deprecated, please import via timm.layers", FutureWarning)
/home/suraj/miniforge3/envs/qvg_sf_eval/lib/python3.10/site-packages/pyiqa/archs/arch_util.py:118: FutureWarning: You are using `torch.load` with `weights_only=False` (the current default value), which uses the default pickle module implicitly. It is possible to construct malicious pickle data which will execute arbitrary code during unpickling (See https://github.com/pytorch/pytorch/blob/main/SECURITY.md#untrusted-models for more details). In a future release, the default value for `weights_only` will be flipped to `True`. This limits the functions that could be executed during unpickling. Arbitrary objects will no longer be allowed to be loaded via this mode unless they are explicitly allowlisted by the user via `torch.serialization.add_safe_globals`. We recommend you start setting `weights_only=True` for any use case where you don't have full control of the loaded file. Please open an issue on GitHub for any issues related to this experimental feature.
  state_dict = torch.load(model_path, map_location=torch.device("cpu"))
args: Namespace(output_path='/data/vaishak/combined-kv-quant/results/benchmarks/storyeval/storyeval_prq_int2_c800cfa2a981_10prompts_10s/metrics/drift_work/vbench_imaging_quality_150', full_json_dir='/data/vaishak/combined-kv-quant/third_party/VBench/vbench/VBench_full_info.json', videos_path='/data/vaishak/combined-kv-quant/results/benchmarks/storyeval/storyeval_prq_int2_c800cfa2a981_10prompts_10s/metrics/drift_work/clips_150', dimension=['imaging_quality'], load_ckpt_from_local=None, read_frame=None, mode='custom_input', prompt='None', prompt_file='/data/vaishak/combined-kv-quant/results/benchmarks/storyeval/storyeval_prq_int2_c800cfa2a981_10prompts_10s/metrics/drift_work/prompt_map_150.json', category=None, imaging_quality_preprocessing_mode='longer')
start evaluation
Evaluation meta data saved to /data/vaishak/combined-kv-quant/results/benchmarks/storyeval/storyeval_prq_int2_c800cfa2a981_10prompts_10s/metrics/drift_work/vbench_imaging_quality_150/results_2026-03-10-17:56:03_full_info.json
cur_full_info_path: /data/vaishak/combined-kv-quant/results/benchmarks/storyeval/storyeval_prq_int2_c800cfa2a981_10prompts_10s/metrics/drift_work/vbench_imaging_quality_150/results_2026-03-10-17:56:03_full_info.json
Loading pretrained model MUSIQ from /home/vaishak/.cache/vbench/pyiqa_model/musiq_spaq_ckpt-358bb6af.pth
  0%|          | 0/10 [00:00<?, ?it/s] 10%|█         | 1/10 [00:03<00:28,  3.18s/it] 20%|██        | 2/10 [00:06<00:24,  3.01s/it] 30%|███       | 3/10 [00:09<00:21,  3.02s/it] 40%|████      | 4/10 [00:11<00:17,  2.89s/it] 50%|█████     | 5/10 [00:14<00:14,  2.84s/it] 60%|██████    | 6/10 [00:17<00:11,  2.81s/it] 70%|███████   | 7/10 [00:19<00:08,  2.73s/it] 80%|████████  | 8/10 [00:22<00:05,  2.72s/it] 90%|█████████ | 9/10 [00:25<00:02,  2.71s/it]100%|██████████| 10/10 [00:27<00:00,  2.66s/it]100%|██████████| 10/10 [00:27<00:00,  2.78s/it]
Evaluation results saved to /data/vaishak/combined-kv-quant/results/benchmarks/storyeval/storyeval_prq_int2_c800cfa2a981_10prompts_10s/metrics/drift_work/vbench_imaging_quality_150/results_2026-03-10-17:56:03_eval_results.json
done
[rank0]:[W310 17:56:33.504773775 ProcessGroupNCCL.cpp:1250] Warning: WARNING: process group has NOT been destroyed before we destruct ProcessGroupNCCL. On normal program exit, the application should call destroy_process_group to ensure that any pending NCCL operations have finished in this process. In rare cases this process can exit before this point and block the progress of another member of the process group. This constraint has always been present,  but this warning has only been added since PyTorch 2.4 (function operator())
Wrote /data/vaishak/combined-kv-quant/results/benchmarks/storyeval/storyeval_prq_int2_c800cfa2a981_10prompts_10s/metrics/drift_imaging_quality.json
Wrote /data/vaishak/combined-kv-quant/results/benchmarks/storyeval/storyeval_prq_int2_c800cfa2a981_10prompts_10s/plots/drift_imaging_quality.png
Wrote /data/vaishak/combined-kv-quant/results/benchmarks/storyeval/storyeval_prq_int2_c800cfa2a981_10prompts_10s/summary/summary.json
Wrote /data/vaishak/combined-kv-quant/results/benchmarks/storyeval/storyeval_prq_int2_c800cfa2a981_10prompts_10s/summary/summary.csv
$ /home/suraj/miniforge3/envs/qvg_sf_infer/bin/python /data/vaishak/combined-kv-quant/scripts/01_generate.py --results-root /data/vaishak/combined-kv-quant/results/benchmarks/storyeval/storyeval_prq_int2_c800cfa2a981_10prompts_10s --method PRQ_INT2 --prompt-path /data/vaishak/combined-kv-quant/data/prompts/storyeval/all_prompts.txt --max-prompts 10 --num-output-frames 42 --seed 0 --fps 16 --device cuda:0 --use-ema --prq-residual-bits 4 --low-memory
$ /home/suraj/miniforge3/envs/qvg_sf_eval/bin/python /data/vaishak/combined-kv-quant/scripts/eval_storyeval_vbench.py --run_dir /data/vaishak/combined-kv-quant/results/benchmarks/storyeval/storyeval_prq_int2_c800cfa2a981_10prompts_10s --python_bin /home/suraj/miniforge3/envs/qvg_sf_eval/bin/python
$ /home/suraj/miniforge3/envs/qvg_sf_eval/bin/python /data/vaishak/combined-kv-quant/scripts/eval_storyeval_drift.py --run_dir /data/vaishak/combined-kv-quant/results/benchmarks/storyeval/storyeval_prq_int2_c800cfa2a981_10prompts_10s --python_bin /home/suraj/miniforge3/envs/qvg_sf_eval/bin/python
$ /home/vaishak/miniforge3/bin/python3 /data/vaishak/combined-kv-quant/scripts/summarize_storyeval.py --run_dir /data/vaishak/combined-kv-quant/results/benchmarks/storyeval/storyeval_prq_int2_c800cfa2a981_10prompts_10s
StoryEval backfill completed for PRQ_INT2 under /data/vaishak/combined-kv-quant/results/benchmarks/storyeval/storyeval_prq_int2_c800cfa2a981_10prompts_10s
{
  "benchmark": "storyeval",
  "method": "PRQ_INT2",
  "config_id": "c800cfa2a981",
  "run_id": "storyeval_prq_int2_c800cfa2a981_10prompts_10s",
  "created_utc": "2026-03-10T17:53:37.025573+00:00",
  "prompt_file": "/data/vaishak/combined-kv-quant/data/prompts/storyeval/all_prompts.txt",
  "num_prompts_selected": 10,
  "start_idx": 0,
  "end_idx": null,
  "max_prompts": 10,
  "seed": 0,
  "seeds_per_prompt": 1,
  "fps": 16,
  "duration_sec_requested": 10.0,
  "target_latent_frames": 42,
  "target_frames": 165,
  "effective_duration_sec": 10.3125,
  "resolution": [
    480,
    832
  ],
  "source_moviegen_run_root": "results/runs/backfill_prq_int2_c800cfa2a981_10s"
}
[1/8] storyeval_flowcache_native_7743d4e12ea8_10prompts_10s :: FLOWCACHE_NATIVE
$ python3 scripts/27_run_storyeval_backfill.py --run-root results/benchmarks/storyeval/storyeval_flowcache_native_7743d4e12ea8_10prompts_10s --run-name storyeval_flowcache_native_7743d4e12ea8_10prompts_10s --method FLOWCACHE_NATIVE --config-id 7743d4e12ea8 --source-moviegen-run-root results/runs/backfill_flowcache_native_7743d4e12ea8_10s --profile-flowcache --flowcache-profile-recent-ratio 0.25 --flowcache-profile-min-scale 0.7 --flowcache-profile-max-scale 1.3 --resume -- --device cuda:0 --use-ema --flowcache-native-rel-l1-thresh 1.5 --flowcache-native-warmup-steps 0
[failed] storyeval_flowcache_native_7743d4e12ea8_10prompts_10s exit=1
[2/8] storyeval_flowcache_native_soft_prune_int4_56d7f051182b_10prompts_10s :: FLOWCACHE_NATIVE_SOFT_PRUNE_INT4
$ python3 scripts/27_run_storyeval_backfill.py --run-root results/benchmarks/storyeval/storyeval_flowcache_native_soft_prune_int4_56d7f051182b_10prompts_10s --run-name storyeval_flowcache_native_soft_prune_int4_56d7f051182b_10prompts_10s --method FLOWCACHE_NATIVE_SOFT_PRUNE_INT4 --config-id 56d7f051182b --source-moviegen-run-root results/runs/backfill_flowcache_native_soft_prune_int4_56d7f051182b_10s --profile-flowcache --flowcache-profile-recent-ratio 0.25 --flowcache-profile-min-scale 0.7 --flowcache-profile-max-scale 1.3 --resume -- --device cuda:0 --use-ema --flowcache-recent-ratio 0.25 --flowcache-recent-bits 4 --flowcache-recent-method RTN --flowcache-old-method RTN --flowcache-min-layer-budget-scale 0.7 --flowcache-max-layer-budget-scale 1.3 --flowcache-important-old-ratio 0.1 --flowcache-importance-alpha 0.7 --flowcache-importance-beta 0.3 --flowcache-prune-retained-old-ratio 0.45 --flowcache-prune-refresh-gap-chunks 1 --flowcache-native-rel-l1-thresh 1.5 --flowcache-native-warmup-steps 0
[failed] storyeval_flowcache_native_soft_prune_int4_56d7f051182b_10prompts_10s exit=1
[3/8] storyeval_flowcache_prune_int2_990b60e0bbd4_10prompts_10s :: FLOWCACHE_PRUNE_INT2
$ python3 scripts/27_run_storyeval_backfill.py --run-root results/benchmarks/storyeval/storyeval_flowcache_prune_int2_990b60e0bbd4_10prompts_10s --run-name storyeval_flowcache_prune_int2_990b60e0bbd4_10prompts_10s --method FLOWCACHE_PRUNE_INT2 --config-id 990b60e0bbd4 --source-moviegen-run-root results/runs/backfill_flowcache_prune_int2_990b60e0bbd4_10s --profile-flowcache --flowcache-profile-recent-ratio 0.25 --flowcache-profile-min-scale 0.7 --flowcache-profile-max-scale 1.3 --resume -- --device cuda:0 --use-ema --flowcache-recent-ratio 0.25 --flowcache-recent-bits 4 --flowcache-recent-method RTN --flowcache-old-method RTN --flowcache-min-layer-budget-scale 0.7 --flowcache-max-layer-budget-scale 1.3 --flowcache-important-old-ratio 0.1 --flowcache-importance-alpha 0.7 --flowcache-importance-beta 0.3 --flowcache-prune-retained-old-ratio 0.3 --flowcache-prune-refresh-gap-chunks 1
[failed] storyeval_flowcache_prune_int2_990b60e0bbd4_10prompts_10s exit=1
[4/8] storyeval_flowcache_prune_int2_f163dc4eb7a9_10prompts_10s :: FLOWCACHE_PRUNE_INT2
$ python3 scripts/27_run_storyeval_backfill.py --run-root results/benchmarks/storyeval/storyeval_flowcache_prune_int2_f163dc4eb7a9_10prompts_10s --run-name storyeval_flowcache_prune_int2_f163dc4eb7a9_10prompts_10s --method FLOWCACHE_PRUNE_INT2 --config-id f163dc4eb7a9 --source-moviegen-run-root results/runs/backfill_flowcache_prune_int2_f163dc4eb7a9_10s --profile-flowcache --flowcache-profile-recent-ratio 0.25 --flowcache-profile-min-scale 0.7 --flowcache-profile-max-scale 1.3 --resume -- --device cuda:0 --use-ema --flowcache-recent-ratio 0.25 --flowcache-recent-bits 4 --flowcache-recent-method RTN --flowcache-old-method RTN --flowcache-min-layer-budget-scale 0.7 --flowcache-max-layer-budget-scale 1.3 --flowcache-important-old-ratio 0.1 --flowcache-importance-alpha 0.7 --flowcache-importance-beta 0.3 --flowcache-prune-retained-old-ratio 0.45 --flowcache-prune-refresh-gap-chunks 1
[failed] storyeval_flowcache_prune_int2_f163dc4eb7a9_10prompts_10s exit=1
[5/8] storyeval_flowcache_prune_int4_27bbc04277fe_10prompts_10s :: FLOWCACHE_PRUNE_INT4
$ python3 scripts/27_run_storyeval_backfill.py --run-root results/benchmarks/storyeval/storyeval_flowcache_prune_int4_27bbc04277fe_10prompts_10s --run-name storyeval_flowcache_prune_int4_27bbc04277fe_10prompts_10s --method FLOWCACHE_PRUNE_INT4 --config-id 27bbc04277fe --source-moviegen-run-root results/runs/backfill_flowcache_prune_int4_27bbc04277fe_10s --profile-flowcache --flowcache-profile-recent-ratio 0.25 --flowcache-profile-min-scale 0.7 --flowcache-profile-max-scale 1.3 --resume -- --device cuda:0 --use-ema --flowcache-recent-ratio 0.25 --flowcache-recent-bits 4 --flowcache-recent-method RTN --flowcache-old-method RTN --flowcache-min-layer-budget-scale 0.7 --flowcache-max-layer-budget-scale 1.3 --flowcache-important-old-ratio 0.1 --flowcache-importance-alpha 0.7 --flowcache-importance-beta 0.3 --flowcache-prune-retained-old-ratio 0.45 --flowcache-prune-refresh-gap-chunks 1
[failed] storyeval_flowcache_prune_int4_27bbc04277fe_10prompts_10s exit=1
[6/8] storyeval_flowcache_soft_prune_int2_24b7f6c1cfbb_10prompts_10s :: FLOWCACHE_SOFT_PRUNE_INT2
$ python3 scripts/27_run_storyeval_backfill.py --run-root results/benchmarks/storyeval/storyeval_flowcache_soft_prune_int2_24b7f6c1cfbb_10prompts_10s --run-name storyeval_flowcache_soft_prune_int2_24b7f6c1cfbb_10prompts_10s --method FLOWCACHE_SOFT_PRUNE_INT2 --config-id 24b7f6c1cfbb --source-moviegen-run-root results/runs/backfill_flowcache_soft_prune_int2_24b7f6c1cfbb_10s --profile-flowcache --flowcache-profile-recent-ratio 0.25 --flowcache-profile-min-scale 0.7 --flowcache-profile-max-scale 1.3 --resume -- --device cuda:0 --use-ema --flowcache-recent-ratio 0.25 --flowcache-recent-bits 4 --flowcache-recent-method RTN --flowcache-old-method RTN --flowcache-min-layer-budget-scale 0.7 --flowcache-max-layer-budget-scale 1.3 --flowcache-important-old-ratio 0.1 --flowcache-importance-alpha 0.7 --flowcache-importance-beta 0.3 --flowcache-prune-retained-old-ratio 0.45 --flowcache-prune-refresh-gap-chunks 1
[failed] storyeval_flowcache_soft_prune_int2_24b7f6c1cfbb_10prompts_10s exit=1
[7/8] storyeval_flowcache_soft_prune_int4_5f5a998802bd_10prompts_10s :: FLOWCACHE_SOFT_PRUNE_INT4
$ python3 scripts/27_run_storyeval_backfill.py --run-root results/benchmarks/storyeval/storyeval_flowcache_soft_prune_int4_5f5a998802bd_10prompts_10s --run-name storyeval_flowcache_soft_prune_int4_5f5a998802bd_10prompts_10s --method FLOWCACHE_SOFT_PRUNE_INT4 --config-id 5f5a998802bd --source-moviegen-run-root results/runs/backfill_flowcache_soft_prune_int4_5f5a998802bd_10s --profile-flowcache --flowcache-profile-recent-ratio 0.25 --flowcache-profile-min-scale 0.7 --flowcache-profile-max-scale 1.3 --resume -- --device cuda:0 --use-ema --flowcache-recent-ratio 0.25 --flowcache-recent-bits 4 --flowcache-recent-method RTN --flowcache-old-method RTN --flowcache-min-layer-budget-scale 0.7 --flowcache-max-layer-budget-scale 1.3 --flowcache-important-old-ratio 0.1 --flowcache-importance-alpha 0.7 --flowcache-importance-beta 0.3 --flowcache-prune-retained-old-ratio 0.45 --flowcache-prune-refresh-gap-chunks 1
[failed] storyeval_flowcache_soft_prune_int4_5f5a998802bd_10prompts_10s exit=1
[8/8] storyeval_prq_int2_c800cfa2a981_10prompts_10s :: PRQ_INT2
$ python3 scripts/27_run_storyeval_backfill.py --run-root results/benchmarks/storyeval/storyeval_prq_int2_c800cfa2a981_10prompts_10s --run-name storyeval_prq_int2_c800cfa2a981_10prompts_10s --method PRQ_INT2 --config-id c800cfa2a981 --source-moviegen-run-root results/runs/backfill_prq_int2_c800cfa2a981_10s --resume -- --device cuda:0 --use-ema --prq-residual-bits 4
StoryEval manifest completed with failures: storyeval_flowcache_native_7743d4e12ea8_10prompts_10s (exit 1), storyeval_flowcache_native_soft_prune_int4_56d7f051182b_10prompts_10s (exit 1), storyeval_flowcache_prune_int2_990b60e0bbd4_10prompts_10s (exit 1), storyeval_flowcache_prune_int2_f163dc4eb7a9_10prompts_10s (exit 1), storyeval_flowcache_prune_int4_27bbc04277fe_10prompts_10s (exit 1), storyeval_flowcache_soft_prune_int2_24b7f6c1cfbb_10prompts_10s (exit 1), storyeval_flowcache_soft_prune_int4_5f5a998802bd_10prompts_10s (exit 1)
