/data/vaishak/combined-kv-quant/third_party/Self-Forcing/wan/modules/vae.py:634: FutureWarning: You are using `torch.load` with `weights_only=False` (the current default value), which uses the default pickle module implicitly. It is possible to construct malicious pickle data which will execute arbitrary code during unpickling (See https://github.com/pytorch/pytorch/blob/main/SECURITY.md#untrusted-models for more details). In a future release, the default value for `weights_only` will be flipped to `True`. This limits the functions that could be executed during unpickling. Arbitrary objects will no longer be allowed to be loaded via this mode unless they are explicitly allowlisted by the user via `torch.serialization.add_safe_globals`. We recommend you start setting `weights_only=True` for any use case where you don't have full control of the loaded file. Please open an issue on GitHub for any issues related to this experimental feature.
  torch.load(pretrained_path, map_location=device), assign=True)
/data/vaishak/combined-kv-quant/scripts/01_generate.py:408: FutureWarning: You are using `torch.load` with `weights_only=False` (the current default value), which uses the default pickle module implicitly. It is possible to construct malicious pickle data which will execute arbitrary code during unpickling (See https://github.com/pytorch/pytorch/blob/main/SECURITY.md#untrusted-models for more details). In a future release, the default value for `weights_only` will be flipped to `True`. This limits the functions that could be executed during unpickling. Arbitrary objects will no longer be allowed to be loaded via this mode unless they are explicitly allowlisted by the user via `torch.serialization.add_safe_globals`. We recommend you start setting `weights_only=True` for any use case where you don't have full control of the loaded file. Please open an issue on GitHub for any issues related to this experimental feature.
  state_dict = torch.load(str(checkpoint_path), map_location="cpu")
KV inference with 3 frames per block
Moving DynamicSwap_WanTextEncoder to cuda:0 with preserved memory: 25.283884525299072 GB
current_timestep: 1000.0
current_timestep: 937.5
current_timestep: 833.3333129882812
current_timestep: 625.0
current_timestep: 1000.0
current_timestep: 937.5
current_timestep: 833.3333129882812
current_timestep: 625.0
current_timestep: 1000.0
current_timestep: 937.5
current_timestep: 833.3333129882812
current_timestep: 625.0
current_timestep: 1000.0
current_timestep: 937.5
current_timestep: 833.3333129882812
current_timestep: 625.0
current_timestep: 1000.0
current_timestep: 937.5
current_timestep: 833.3333129882812
current_timestep: 625.0
current_timestep: 1000.0
current_timestep: 937.5
current_timestep: 833.3333129882812
current_timestep: 625.0
current_timestep: 1000.0
current_timestep: 937.5
current_timestep: 833.3333129882812
current_timestep: 625.0
current_timestep: 1000.0
current_timestep: 937.5
current_timestep: 833.3333129882812
current_timestep: 625.0
current_timestep: 1000.0
current_timestep: 937.5
current_timestep: 833.3333129882812
current_timestep: 625.0
current_timestep: 1000.0
current_timestep: 937.5
current_timestep: 833.3333129882812
current_timestep: 625.0
current_timestep: 1000.0
current_timestep: 937.5
current_timestep: 833.3333129882812
current_timestep: 625.0
current_timestep: 1000.0
current_timestep: 937.5
current_timestep: 833.3333129882812
current_timestep: 625.0
current_timestep: 1000.0
current_timestep: 937.5
current_timestep: 833.3333129882812
current_timestep: 625.0
current_timestep: 1000.0
current_timestep: 937.5
current_timestep: 833.3333129882812
current_timestep: 625.0
Moving DynamicSwap_WanTextEncoder to cuda:0 with preserved memory: 24.534756183624268 GB
current_timestep: 1000.0
current_timestep: 937.5
current_timestep: 833.3333129882812
current_timestep: 625.0
current_timestep: 1000.0
current_timestep: 937.5
current_timestep: 833.3333129882812
current_timestep: 625.0
current_timestep: 1000.0
current_timestep: 937.5
current_timestep: 833.3333129882812
current_timestep: 625.0
current_timestep: 1000.0
current_timestep: 937.5
current_timestep: 833.3333129882812
current_timestep: 625.0
current_timestep: 1000.0
current_timestep: 937.5
current_timestep: 833.3333129882812
current_timestep: 625.0
current_timestep: 1000.0
current_timestep: 937.5
current_timestep: 833.3333129882812
current_timestep: 625.0
current_timestep: 1000.0
current_timestep: 937.5
current_timestep: 833.3333129882812
current_timestep: 625.0
current_timestep: 1000.0
current_timestep: 937.5
current_timestep: 833.3333129882812
current_timestep: 625.0
current_timestep: 1000.0
current_timestep: 937.5
current_timestep: 833.3333129882812
current_timestep: 625.0
current_timestep: 1000.0
current_timestep: 937.5
current_timestep: 833.3333129882812
current_timestep: 625.0
current_timestep: 1000.0
current_timestep: 937.5
current_timestep: 833.3333129882812
current_timestep: 625.0
current_timestep: 1000.0
current_timestep: 937.5
current_timestep: 833.3333129882812
current_timestep: 625.0
current_timestep: 1000.0
current_timestep: 937.5
current_timestep: 833.3333129882812
current_timestep: 625.0
current_timestep: 1000.0
current_timestep: 937.5
current_timestep: 833.3333129882812
current_timestep: 625.0
Moving DynamicSwap_WanTextEncoder to cuda:0 with preserved memory: 24.534267902374268 GB
current_timestep: 1000.0
current_timestep: 937.5
current_timestep: 833.3333129882812
current_timestep: 625.0
current_timestep: 1000.0
current_timestep: 937.5
current_timestep: 833.3333129882812
current_timestep: 625.0
current_timestep: 1000.0
current_timestep: 937.5
current_timestep: 833.3333129882812
current_timestep: 625.0
current_timestep: 1000.0
current_timestep: 937.5
current_timestep: 833.3333129882812
current_timestep: 625.0
current_timestep: 1000.0
current_timestep: 937.5
current_timestep: 833.3333129882812
current_timestep: 625.0
current_timestep: 1000.0
current_timestep: 937.5
current_timestep: 833.3333129882812
current_timestep: 625.0
current_timestep: 1000.0
current_timestep: 937.5
current_timestep: 833.3333129882812
current_timestep: 625.0
current_timestep: 1000.0
current_timestep: 937.5
current_timestep: 833.3333129882812
current_timestep: 625.0
current_timestep: 1000.0
current_timestep: 937.5
current_timestep: 833.3333129882812
current_timestep: 625.0
current_timestep: 1000.0
current_timestep: 937.5
current_timestep: 833.3333129882812
current_timestep: 625.0
current_timestep: 1000.0
current_timestep: 937.5
current_timestep: 833.3333129882812
current_timestep: 625.0
current_timestep: 1000.0
current_timestep: 937.5
current_timestep: 833.3333129882812
current_timestep: 625.0
current_timestep: 1000.0
current_timestep: 937.5
current_timestep: 833.3333129882812
current_timestep: 625.0
current_timestep: 1000.0
current_timestep: 937.5
current_timestep: 833.3333129882812
current_timestep: 625.0
Moving DynamicSwap_WanTextEncoder to cuda:0 with preserved memory: 24.533779621124268 GB
current_timestep: 1000.0
current_timestep: 937.5
current_timestep: 833.3333129882812
current_timestep: 625.0
current_timestep: 1000.0
current_timestep: 937.5
current_timestep: 833.3333129882812
current_timestep: 625.0
current_timestep: 1000.0
current_timestep: 937.5
current_timestep: 833.3333129882812
current_timestep: 625.0
current_timestep: 1000.0
current_timestep: 937.5
current_timestep: 833.3333129882812
current_timestep: 625.0
current_timestep: 1000.0
current_timestep: 937.5
current_timestep: 833.3333129882812
current_timestep: 625.0
current_timestep: 1000.0
current_timestep: 937.5
current_timestep: 833.3333129882812
current_timestep: 625.0
current_timestep: 1000.0
current_timestep: 937.5
current_timestep: 833.3333129882812
current_timestep: 625.0
current_timestep: 1000.0
current_timestep: 937.5
current_timestep: 833.3333129882812
current_timestep: 625.0
current_timestep: 1000.0
current_timestep: 937.5
current_timestep: 833.3333129882812
current_timestep: 625.0
current_timestep: 1000.0
current_timestep: 937.5
current_timestep: 833.3333129882812
current_timestep: 625.0
current_timestep: 1000.0
current_timestep: 937.5
current_timestep: 833.3333129882812
current_timestep: 625.0
current_timestep: 1000.0
current_timestep: 937.5
current_timestep: 833.3333129882812
current_timestep: 625.0
current_timestep: 1000.0
current_timestep: 937.5
current_timestep: 833.3333129882812
current_timestep: 625.0
current_timestep: 1000.0
current_timestep: 937.5
current_timestep: 833.3333129882812
current_timestep: 625.0
Moving DynamicSwap_WanTextEncoder to cuda:0 with preserved memory: 24.533779621124268 GB
current_timestep: 1000.0
current_timestep: 937.5
current_timestep: 833.3333129882812
current_timestep: 625.0
current_timestep: 1000.0
current_timestep: 937.5
current_timestep: 833.3333129882812
current_timestep: 625.0
current_timestep: 1000.0
current_timestep: 937.5
current_timestep: 833.3333129882812
current_timestep: 625.0
current_timestep: 1000.0
current_timestep: 937.5
current_timestep: 833.3333129882812
current_timestep: 625.0
current_timestep: 1000.0
current_timestep: 937.5
current_timestep: 833.3333129882812
current_timestep: 625.0
current_timestep: 1000.0
current_timestep: 937.5
current_timestep: 833.3333129882812
current_timestep: 625.0
current_timestep: 1000.0
current_timestep: 937.5
current_timestep: 833.3333129882812
current_timestep: 625.0
current_timestep: 1000.0
current_timestep: 937.5
current_timestep: 833.3333129882812
current_timestep: 625.0
current_timestep: 1000.0
current_timestep: 937.5
current_timestep: 833.3333129882812
current_timestep: 625.0
current_timestep: 1000.0
current_timestep: 937.5
current_timestep: 833.3333129882812
current_timestep: 625.0
current_timestep: 1000.0
current_timestep: 937.5
current_timestep: 833.3333129882812
current_timestep: 625.0
current_timestep: 1000.0
current_timestep: 937.5
current_timestep: 833.3333129882812
current_timestep: 625.0
current_timestep: 1000.0
current_timestep: 937.5
current_timestep: 833.3333129882812
current_timestep: 625.0
current_timestep: 1000.0
current_timestep: 937.5
current_timestep: 833.3333129882812
current_timestep: 625.0
Moving DynamicSwap_WanTextEncoder to cuda:0 with preserved memory: 24.533779621124268 GB
current_timestep: 1000.0
current_timestep: 937.5
current_timestep: 833.3333129882812
current_timestep: 625.0
current_timestep: 1000.0
current_timestep: 937.5
current_timestep: 833.3333129882812
current_timestep: 625.0
current_timestep: 1000.0
current_timestep: 937.5
current_timestep: 833.3333129882812
current_timestep: 625.0
current_timestep: 1000.0
current_timestep: 937.5
current_timestep: 833.3333129882812
current_timestep: 625.0
current_timestep: 1000.0
current_timestep: 937.5
current_timestep: 833.3333129882812
current_timestep: 625.0
current_timestep: 1000.0
current_timestep: 937.5
current_timestep: 833.3333129882812
current_timestep: 625.0
current_timestep: 1000.0
current_timestep: 937.5
current_timestep: 833.3333129882812
current_timestep: 625.0
current_timestep: 1000.0
current_timestep: 937.5
current_timestep: 833.3333129882812
current_timestep: 625.0
current_timestep: 1000.0
current_timestep: 937.5
current_timestep: 833.3333129882812
current_timestep: 625.0
current_timestep: 1000.0
current_timestep: 937.5
current_timestep: 833.3333129882812
current_timestep: 625.0
current_timestep: 1000.0
current_timestep: 937.5
current_timestep: 833.3333129882812
current_timestep: 625.0
current_timestep: 1000.0
current_timestep: 937.5
current_timestep: 833.3333129882812
current_timestep: 625.0
current_timestep: 1000.0
current_timestep: 937.5
current_timestep: 833.3333129882812
current_timestep: 625.0
current_timestep: 1000.0
current_timestep: 937.5
current_timestep: 833.3333129882812
current_timestep: 625.0
Moving DynamicSwap_WanTextEncoder to cuda:0 with preserved memory: 24.533779621124268 GB
current_timestep: 1000.0
current_timestep: 937.5
current_timestep: 833.3333129882812
current_timestep: 625.0
current_timestep: 1000.0
current_timestep: 937.5
current_timestep: 833.3333129882812
current_timestep: 625.0
current_timestep: 1000.0
current_timestep: 937.5
current_timestep: 833.3333129882812
current_timestep: 625.0
current_timestep: 1000.0
current_timestep: 937.5
current_timestep: 833.3333129882812
current_timestep: 625.0
current_timestep: 1000.0
current_timestep: 937.5
current_timestep: 833.3333129882812
current_timestep: 625.0
current_timestep: 1000.0
current_timestep: 937.5
current_timestep: 833.3333129882812
current_timestep: 625.0
current_timestep: 1000.0
current_timestep: 937.5
current_timestep: 833.3333129882812
current_timestep: 625.0
current_timestep: 1000.0
current_timestep: 937.5
current_timestep: 833.3333129882812
current_timestep: 625.0
current_timestep: 1000.0
current_timestep: 937.5
current_timestep: 833.3333129882812
current_timestep: 625.0
current_timestep: 1000.0
current_timestep: 937.5
current_timestep: 833.3333129882812
current_timestep: 625.0
current_timestep: 1000.0
current_timestep: 937.5
current_timestep: 833.3333129882812
current_timestep: 625.0
current_timestep: 1000.0
current_timestep: 937.5
current_timestep: 833.3333129882812
current_timestep: 625.0
current_timestep: 1000.0
current_timestep: 937.5
current_timestep: 833.3333129882812
current_timestep: 625.0
current_timestep: 1000.0
current_timestep: 937.5
current_timestep: 833.3333129882812
current_timestep: 625.0
Moving DynamicSwap_WanTextEncoder to cuda:0 with preserved memory: 24.533779621124268 GB
current_timestep: 1000.0
current_timestep: 937.5
current_timestep: 833.3333129882812
current_timestep: 625.0
current_timestep: 1000.0
current_timestep: 937.5
current_timestep: 833.3333129882812
current_timestep: 625.0
current_timestep: 1000.0
current_timestep: 937.5
current_timestep: 833.3333129882812
current_timestep: 625.0
current_timestep: 1000.0
current_timestep: 937.5
current_timestep: 833.3333129882812
current_timestep: 625.0
current_timestep: 1000.0
current_timestep: 937.5
current_timestep: 833.3333129882812
current_timestep: 625.0
current_timestep: 1000.0
current_timestep: 937.5
current_timestep: 833.3333129882812
current_timestep: 625.0
current_timestep: 1000.0
current_timestep: 937.5
current_timestep: 833.3333129882812
current_timestep: 625.0
current_timestep: 1000.0
current_timestep: 937.5
current_timestep: 833.3333129882812
current_timestep: 625.0
current_timestep: 1000.0
current_timestep: 937.5
current_timestep: 833.3333129882812
current_timestep: 625.0
current_timestep: 1000.0
current_timestep: 937.5
current_timestep: 833.3333129882812
current_timestep: 625.0
current_timestep: 1000.0
current_timestep: 937.5
current_timestep: 833.3333129882812
current_timestep: 625.0
current_timestep: 1000.0
current_timestep: 937.5
current_timestep: 833.3333129882812
current_timestep: 625.0
current_timestep: 1000.0
current_timestep: 937.5
current_timestep: 833.3333129882812
current_timestep: 625.0
current_timestep: 1000.0
current_timestep: 937.5
current_timestep: 833.3333129882812
current_timestep: 625.0
Moving DynamicSwap_WanTextEncoder to cuda:0 with preserved memory: 24.533779621124268 GB
current_timestep: 1000.0
current_timestep: 937.5
current_timestep: 833.3333129882812
current_timestep: 625.0
current_timestep: 1000.0
current_timestep: 937.5
current_timestep: 833.3333129882812
current_timestep: 625.0
current_timestep: 1000.0
current_timestep: 937.5
current_timestep: 833.3333129882812
current_timestep: 625.0
current_timestep: 1000.0
current_timestep: 937.5
current_timestep: 833.3333129882812
current_timestep: 625.0
current_timestep: 1000.0
current_timestep: 937.5
current_timestep: 833.3333129882812
current_timestep: 625.0
current_timestep: 1000.0
current_timestep: 937.5
current_timestep: 833.3333129882812
current_timestep: 625.0
current_timestep: 1000.0
current_timestep: 937.5
current_timestep: 833.3333129882812
current_timestep: 625.0
current_timestep: 1000.0
current_timestep: 937.5
current_timestep: 833.3333129882812
current_timestep: 625.0
current_timestep: 1000.0
current_timestep: 937.5
current_timestep: 833.3333129882812
current_timestep: 625.0
current_timestep: 1000.0
current_timestep: 937.5
current_timestep: 833.3333129882812
current_timestep: 625.0
current_timestep: 1000.0
current_timestep: 937.5
current_timestep: 833.3333129882812
current_timestep: 625.0
current_timestep: 1000.0
current_timestep: 937.5
current_timestep: 833.3333129882812
current_timestep: 625.0
current_timestep: 1000.0
current_timestep: 937.5
current_timestep: 833.3333129882812
current_timestep: 625.0
current_timestep: 1000.0
current_timestep: 937.5
current_timestep: 833.3333129882812
current_timestep: 625.0
Moving DynamicSwap_WanTextEncoder to cuda:0 with preserved memory: 24.533779621124268 GB
current_timestep: 1000.0
current_timestep: 937.5
current_timestep: 833.3333129882812
current_timestep: 625.0
current_timestep: 1000.0
current_timestep: 937.5
current_timestep: 833.3333129882812
current_timestep: 625.0
current_timestep: 1000.0
current_timestep: 937.5
current_timestep: 833.3333129882812
current_timestep: 625.0
current_timestep: 1000.0
current_timestep: 937.5
current_timestep: 833.3333129882812
current_timestep: 625.0
current_timestep: 1000.0
current_timestep: 937.5
current_timestep: 833.3333129882812
current_timestep: 625.0
current_timestep: 1000.0
current_timestep: 937.5
current_timestep: 833.3333129882812
current_timestep: 625.0
current_timestep: 1000.0
current_timestep: 937.5
current_timestep: 833.3333129882812
current_timestep: 625.0
current_timestep: 1000.0
current_timestep: 937.5
current_timestep: 833.3333129882812
current_timestep: 625.0
current_timestep: 1000.0
current_timestep: 937.5
current_timestep: 833.3333129882812
current_timestep: 625.0
current_timestep: 1000.0
current_timestep: 937.5
current_timestep: 833.3333129882812
current_timestep: 625.0
current_timestep: 1000.0
current_timestep: 937.5
current_timestep: 833.3333129882812
current_timestep: 625.0
current_timestep: 1000.0
current_timestep: 937.5
current_timestep: 833.3333129882812
current_timestep: 625.0
current_timestep: 1000.0
current_timestep: 937.5
current_timestep: 833.3333129882812
current_timestep: 625.0
current_timestep: 1000.0
current_timestep: 937.5
current_timestep: 833.3333129882812
current_timestep: 625.0
{
  "method": "FLOWCACHE_PROFILE",
  "num_prompts": 10,
  "num_samples": 1,
  "total_runtime_s": 702.4390213117003,
  "avg_runtime_s_per_prompt": 70.24390213117003,
  "peak_vram_bytes": 20726632448,
  "quantize_time_s": 284.3453118051402,
  "dequantize_time_s": 0.08584915101528168,
  "bf16_kv_bytes": 12076646400,
  "compressed_kv_bytes": 12076646400,
  "compression_ratio": 1.0,
  "first_video_shape": [
    1,
    165,
    3,
    480,
    832
  ],
  "flowcache_profile_recent_ratio": 0.25,
  "flowcache_profile_num_layers": 30,
  "flowcache_profile_avg_old_delta": 0.03789029176026783,
  "flowcache_profile_layer_scores": {
    "0": 0.03999840838566296,
    "1": 0.03853113329985132,
    "2": 0.0385006760709556,
    "3": 0.037774014304376255,
    "4": 0.037714485092625274,
    "5": 0.03783177957704322,
    "6": 0.03848639274694783,
    "7": 0.03796952783461597,
    "8": 0.037464381952186,
    "9": 0.03850194435712676,
    "10": 0.037297084512331095,
    "11": 0.0378303807673155,
    "12": 0.03740586811645051,
    "13": 0.036978945525015815,
    "14": 0.036886760317759934,
    "15": 0.03735412487464215,
    "16": 0.03683403241969014,
    "17": 0.037136908432456935,
    "18": 0.03762872225887111,
    "19": 0.037563615486231015,
    "20": 0.03765887172876905,
    "21": 0.03786620344587807,
    "22": 0.03777402136159145,
    "23": 0.037756647973684436,
    "24": 0.03826721395827609,
    "25": 0.03798770763611389,
    "26": 0.037690750656302195,
    "27": 0.038703647382257476,
    "28": 0.03830638121063742,
    "29": 0.03900812112236932
  },
  "flowcache_profile_layer_scores_all_chunks": {
    "0": 0.05018520931355537,
    "1": 0.04090535907045243,
    "2": 0.03647007856482551,
    "3": 0.033780857673240086,
    "4": 0.033163946546495904,
    "5": 0.03280545049054282,
    "6": 0.0339912677804629,
    "7": 0.03341030009138206,
    "8": 0.032294446085062295,
    "9": 0.03272698708339816,
    "10": 0.032419890609880285,
    "11": 0.03271153287081018,
    "12": 0.03206570847107777,
    "13": 0.030996311471694047,
    "14": 0.030883666698658278,
    "15": 0.03183665629559093,
    "16": 0.031011278440909725,
    "17": 0.031457965511533,
    "18": 0.0316695608041944,
    "19": 0.033921245477384045,
    "20": 0.034649743681862244,
    "21": 0.035520618671462646,
    "22": 0.035612253290083676,
    "23": 0.03478225004058036,
    "24": 0.034225868561911205,
    "25": 0.033681025995976395,
    "26": 0.03344362636832964,
    "27": 0.03416443423761262,
    "28": 0.032847325192675705,
    "29": 0.03758263619149488
  }
}
/data/vaishak/combined-kv-quant/third_party/Self-Forcing/wan/modules/vae.py:634: FutureWarning: You are using `torch.load` with `weights_only=False` (the current default value), which uses the default pickle module implicitly. It is possible to construct malicious pickle data which will execute arbitrary code during unpickling (See https://github.com/pytorch/pytorch/blob/main/SECURITY.md#untrusted-models for more details). In a future release, the default value for `weights_only` will be flipped to `True`. This limits the functions that could be executed during unpickling. Arbitrary objects will no longer be allowed to be loaded via this mode unless they are explicitly allowlisted by the user via `torch.serialization.add_safe_globals`. We recommend you start setting `weights_only=True` for any use case where you don't have full control of the loaded file. Please open an issue on GitHub for any issues related to this experimental feature.
  torch.load(pretrained_path, map_location=device), assign=True)
/data/vaishak/combined-kv-quant/scripts/01_generate.py:408: FutureWarning: You are using `torch.load` with `weights_only=False` (the current default value), which uses the default pickle module implicitly. It is possible to construct malicious pickle data which will execute arbitrary code during unpickling (See https://github.com/pytorch/pytorch/blob/main/SECURITY.md#untrusted-models for more details). In a future release, the default value for `weights_only` will be flipped to `True`. This limits the functions that could be executed during unpickling. Arbitrary objects will no longer be allowed to be loaded via this mode unless they are explicitly allowlisted by the user via `torch.serialization.add_safe_globals`. We recommend you start setting `weights_only=True` for any use case where you don't have full control of the loaded file. Please open an issue on GitHub for any issues related to this experimental feature.
  state_dict = torch.load(str(checkpoint_path), map_location="cpu")
KV inference with 3 frames per block
Moving DynamicSwap_WanTextEncoder to cuda:0 with preserved memory: 14.033884525299072 GB
current_timestep: 1000.0
current_timestep: 937.5
current_timestep: 833.3333129882812
current_timestep: 625.0
current_timestep: 1000.0
current_timestep: 937.5
current_timestep: 833.3333129882812
current_timestep: 625.0
current_timestep: 1000.0
current_timestep: 937.5
current_timestep: 833.3333129882812
current_timestep: 625.0
current_timestep: 1000.0
current_timestep: 937.5
current_timestep: 833.3333129882812
current_timestep: 625.0
current_timestep: 1000.0
current_timestep: 937.5
current_timestep: 833.3333129882812
current_timestep: 625.0
current_timestep: 1000.0
current_timestep: 937.5
current_timestep: 833.3333129882812
current_timestep: 625.0
current_timestep: 1000.0
current_timestep: 937.5
current_timestep: 833.3333129882812
current_timestep: 625.0
current_timestep: 1000.0
current_timestep: 937.5
current_timestep: 833.3333129882812
current_timestep: 625.0
current_timestep: 1000.0
current_timestep: 937.5
current_timestep: 833.3333129882812
current_timestep: 625.0
current_timestep: 1000.0
current_timestep: 937.5
current_timestep: 833.3333129882812
current_timestep: 625.0
current_timestep: 1000.0
current_timestep: 937.5
current_timestep: 833.3333129882812
current_timestep: 625.0
current_timestep: 1000.0
current_timestep: 937.5
current_timestep: 833.3333129882812
current_timestep: 625.0
current_timestep: 1000.0
current_timestep: 937.5
current_timestep: 833.3333129882812
current_timestep: 625.0
current_timestep: 1000.0
current_timestep: 937.5
current_timestep: 833.3333129882812
current_timestep: 625.0
Moving DynamicSwap_WanTextEncoder to cuda:0 with preserved memory: 13.284756183624268 GB
current_timestep: 1000.0
current_timestep: 937.5
current_timestep: 833.3333129882812
current_timestep: 625.0
current_timestep: 1000.0
current_timestep: 937.5
current_timestep: 833.3333129882812
current_timestep: 625.0
current_timestep: 1000.0
current_timestep: 937.5
current_timestep: 833.3333129882812
current_timestep: 625.0
current_timestep: 1000.0
current_timestep: 937.5
current_timestep: 833.3333129882812
current_timestep: 625.0
current_timestep: 1000.0
current_timestep: 937.5
current_timestep: 833.3333129882812
current_timestep: 625.0
current_timestep: 1000.0
current_timestep: 937.5
current_timestep: 833.3333129882812
current_timestep: 625.0
current_timestep: 1000.0
current_timestep: 937.5
current_timestep: 833.3333129882812
current_timestep: 625.0
current_timestep: 1000.0
current_timestep: 937.5
current_timestep: 833.3333129882812
current_timestep: 625.0
current_timestep: 1000.0
current_timestep: 937.5
current_timestep: 833.3333129882812
current_timestep: 625.0
current_timestep: 1000.0
current_timestep: 937.5
current_timestep: 833.3333129882812
current_timestep: 625.0
current_timestep: 1000.0
current_timestep: 937.5
current_timestep: 833.3333129882812
current_timestep: 625.0
current_timestep: 1000.0
current_timestep: 937.5
current_timestep: 833.3333129882812
current_timestep: 625.0
current_timestep: 1000.0
current_timestep: 937.5
current_timestep: 833.3333129882812
current_timestep: 625.0
current_timestep: 1000.0
current_timestep: 937.5
current_timestep: 833.3333129882812
current_timestep: 625.0
Moving DynamicSwap_WanTextEncoder to cuda:0 with preserved memory: 13.284264087677002 GB
current_timestep: 1000.0
current_timestep: 937.5
current_timestep: 833.3333129882812
current_timestep: 625.0
current_timestep: 1000.0
current_timestep: 937.5
current_timestep: 833.3333129882812
current_timestep: 625.0
current_timestep: 1000.0
current_timestep: 937.5
current_timestep: 833.3333129882812
current_timestep: 625.0
current_timestep: 1000.0
current_timestep: 937.5
current_timestep: 833.3333129882812
current_timestep: 625.0
current_timestep: 1000.0
current_timestep: 937.5
current_timestep: 833.3333129882812
current_timestep: 625.0
current_timestep: 1000.0
current_timestep: 937.5
current_timestep: 833.3333129882812
current_timestep: 625.0
current_timestep: 1000.0
current_timestep: 937.5
current_timestep: 833.3333129882812
current_timestep: 625.0
current_timestep: 1000.0
current_timestep: 937.5
current_timestep: 833.3333129882812
current_timestep: 625.0
current_timestep: 1000.0
current_timestep: 937.5
current_timestep: 833.3333129882812
current_timestep: 625.0
current_timestep: 1000.0
current_timestep: 937.5
current_timestep: 833.3333129882812
current_timestep: 625.0
current_timestep: 1000.0
current_timestep: 937.5
current_timestep: 833.3333129882812
current_timestep: 625.0
current_timestep: 1000.0
current_timestep: 937.5
current_timestep: 833.3333129882812
current_timestep: 625.0
current_timestep: 1000.0
current_timestep: 937.5
current_timestep: 833.3333129882812
current_timestep: 625.0
current_timestep: 1000.0
current_timestep: 937.5
current_timestep: 833.3333129882812
current_timestep: 625.0
Moving DynamicSwap_WanTextEncoder to cuda:0 with preserved memory: 13.283775806427002 GB
current_timestep: 1000.0
current_timestep: 937.5
current_timestep: 833.3333129882812
current_timestep: 625.0
current_timestep: 1000.0
current_timestep: 937.5
current_timestep: 833.3333129882812
current_timestep: 625.0
current_timestep: 1000.0
current_timestep: 937.5
current_timestep: 833.3333129882812
current_timestep: 625.0
current_timestep: 1000.0
current_timestep: 937.5
current_timestep: 833.3333129882812
current_timestep: 625.0
current_timestep: 1000.0
current_timestep: 937.5
current_timestep: 833.3333129882812
current_timestep: 625.0
current_timestep: 1000.0
current_timestep: 937.5
current_timestep: 833.3333129882812
current_timestep: 625.0
current_timestep: 1000.0
current_timestep: 937.5
current_timestep: 833.3333129882812
current_timestep: 625.0
current_timestep: 1000.0
current_timestep: 937.5
current_timestep: 833.3333129882812
current_timestep: 625.0
current_timestep: 1000.0
current_timestep: 937.5
current_timestep: 833.3333129882812
current_timestep: 625.0
current_timestep: 1000.0
current_timestep: 937.5
current_timestep: 833.3333129882812
current_timestep: 625.0
current_timestep: 1000.0
current_timestep: 937.5
current_timestep: 833.3333129882812
current_timestep: 625.0
current_timestep: 1000.0
current_timestep: 937.5
current_timestep: 833.3333129882812
current_timestep: 625.0
current_timestep: 1000.0
current_timestep: 937.5
current_timestep: 833.3333129882812
current_timestep: 625.0
current_timestep: 1000.0
current_timestep: 937.5
current_timestep: 833.3333129882812
current_timestep: 625.0
Moving DynamicSwap_WanTextEncoder to cuda:0 with preserved memory: 13.283779621124268 GB
current_timestep: 1000.0
current_timestep: 937.5
current_timestep: 833.3333129882812
current_timestep: 625.0
current_timestep: 1000.0
current_timestep: 937.5
current_timestep: 833.3333129882812
current_timestep: 625.0
current_timestep: 1000.0
current_timestep: 937.5
current_timestep: 833.3333129882812
current_timestep: 625.0
current_timestep: 1000.0
current_timestep: 937.5
current_timestep: 833.3333129882812
current_timestep: 625.0
current_timestep: 1000.0
current_timestep: 937.5
current_timestep: 833.3333129882812
current_timestep: 625.0
current_timestep: 1000.0
current_timestep: 937.5
current_timestep: 833.3333129882812
current_timestep: 625.0
current_timestep: 1000.0
current_timestep: 937.5
current_timestep: 833.3333129882812
current_timestep: 625.0
current_timestep: 1000.0
current_timestep: 937.5
current_timestep: 833.3333129882812
current_timestep: 625.0
current_timestep: 1000.0
current_timestep: 937.5
current_timestep: 833.3333129882812
current_timestep: 625.0
current_timestep: 1000.0
current_timestep: 937.5
current_timestep: 833.3333129882812
current_timestep: 625.0
current_timestep: 1000.0
current_timestep: 937.5
current_timestep: 833.3333129882812
current_timestep: 625.0
current_timestep: 1000.0
current_timestep: 937.5
current_timestep: 833.3333129882812
current_timestep: 625.0
current_timestep: 1000.0
current_timestep: 937.5
current_timestep: 833.3333129882812
current_timestep: 625.0
current_timestep: 1000.0
current_timestep: 937.5
current_timestep: 833.3333129882812
current_timestep: 625.0
Moving DynamicSwap_WanTextEncoder to cuda:0 with preserved memory: 13.283775806427002 GB
current_timestep: 1000.0
current_timestep: 937.5
current_timestep: 833.3333129882812
current_timestep: 625.0
current_timestep: 1000.0
current_timestep: 937.5
current_timestep: 833.3333129882812
current_timestep: 625.0
current_timestep: 1000.0
current_timestep: 937.5
current_timestep: 833.3333129882812
current_timestep: 625.0
current_timestep: 1000.0
current_timestep: 937.5
current_timestep: 833.3333129882812
current_timestep: 625.0
current_timestep: 1000.0
current_timestep: 937.5
current_timestep: 833.3333129882812
current_timestep: 625.0
current_timestep: 1000.0
current_timestep: 937.5
current_timestep: 833.3333129882812
current_timestep: 625.0
current_timestep: 1000.0
current_timestep: 937.5
current_timestep: 833.3333129882812
current_timestep: 625.0
current_timestep: 1000.0
current_timestep: 937.5
current_timestep: 833.3333129882812
current_timestep: 625.0
current_timestep: 1000.0
current_timestep: 937.5
current_timestep: 833.3333129882812
current_timestep: 625.0
current_timestep: 1000.0
current_timestep: 937.5
current_timestep: 833.3333129882812
current_timestep: 625.0
current_timestep: 1000.0
current_timestep: 937.5
current_timestep: 833.3333129882812
current_timestep: 625.0
current_timestep: 1000.0
current_timestep: 937.5
current_timestep: 833.3333129882812
current_timestep: 625.0
current_timestep: 1000.0
current_timestep: 937.5
current_timestep: 833.3333129882812
current_timestep: 625.0
current_timestep: 1000.0
current_timestep: 937.5
current_timestep: 833.3333129882812
current_timestep: 625.0
Moving DynamicSwap_WanTextEncoder to cuda:0 with preserved memory: 13.283775806427002 GB
current_timestep: 1000.0
current_timestep: 937.5
current_timestep: 833.3333129882812
current_timestep: 625.0
current_timestep: 1000.0
current_timestep: 937.5
current_timestep: 833.3333129882812
current_timestep: 625.0
current_timestep: 1000.0
current_timestep: 937.5
current_timestep: 833.3333129882812
current_timestep: 625.0
current_timestep: 1000.0
current_timestep: 937.5
current_timestep: 833.3333129882812
current_timestep: 625.0
current_timestep: 1000.0
current_timestep: 937.5
current_timestep: 833.3333129882812
current_timestep: 625.0
current_timestep: 1000.0
current_timestep: 937.5
current_timestep: 833.3333129882812
current_timestep: 625.0
current_timestep: 1000.0
current_timestep: 937.5
current_timestep: 833.3333129882812
current_timestep: 625.0
current_timestep: 1000.0
current_timestep: 937.5
current_timestep: 833.3333129882812
current_timestep: 625.0
current_timestep: 1000.0
current_timestep: 937.5
current_timestep: 833.3333129882812
current_timestep: 625.0
current_timestep: 1000.0
current_timestep: 937.5
current_timestep: 833.3333129882812
current_timestep: 625.0
current_timestep: 1000.0
current_timestep: 937.5
current_timestep: 833.3333129882812
current_timestep: 625.0
current_timestep: 1000.0
current_timestep: 937.5
current_timestep: 833.3333129882812
current_timestep: 625.0
current_timestep: 1000.0
current_timestep: 937.5
current_timestep: 833.3333129882812
current_timestep: 625.0
current_timestep: 1000.0
current_timestep: 937.5
current_timestep: 833.3333129882812
current_timestep: 625.0
Moving DynamicSwap_WanTextEncoder to cuda:0 with preserved memory: 13.283779621124268 GB
current_timestep: 1000.0
current_timestep: 937.5
current_timestep: 833.3333129882812
current_timestep: 625.0
current_timestep: 1000.0
current_timestep: 937.5
current_timestep: 833.3333129882812
current_timestep: 625.0
current_timestep: 1000.0
current_timestep: 937.5
current_timestep: 833.3333129882812
current_timestep: 625.0
current_timestep: 1000.0
current_timestep: 937.5
current_timestep: 833.3333129882812
current_timestep: 625.0
current_timestep: 1000.0
current_timestep: 937.5
current_timestep: 833.3333129882812
current_timestep: 625.0
current_timestep: 1000.0
current_timestep: 937.5
current_timestep: 833.3333129882812
current_timestep: 625.0
current_timestep: 1000.0
current_timestep: 937.5
current_timestep: 833.3333129882812
current_timestep: 625.0
current_timestep: 1000.0
current_timestep: 937.5
current_timestep: 833.3333129882812
current_timestep: 625.0
current_timestep: 1000.0
current_timestep: 937.5
current_timestep: 833.3333129882812
current_timestep: 625.0
current_timestep: 1000.0
current_timestep: 937.5
current_timestep: 833.3333129882812
current_timestep: 625.0
current_timestep: 1000.0
current_timestep: 937.5
current_timestep: 833.3333129882812
current_timestep: 625.0
current_timestep: 1000.0
current_timestep: 937.5
current_timestep: 833.3333129882812
current_timestep: 625.0
current_timestep: 1000.0
current_timestep: 937.5
current_timestep: 833.3333129882812
current_timestep: 625.0
current_timestep: 1000.0
current_timestep: 937.5
current_timestep: 833.3333129882812
current_timestep: 625.0
Moving DynamicSwap_WanTextEncoder to cuda:0 with preserved memory: 13.283775806427002 GB
current_timestep: 1000.0
current_timestep: 937.5
current_timestep: 833.3333129882812
current_timestep: 625.0
current_timestep: 1000.0
current_timestep: 937.5
current_timestep: 833.3333129882812
current_timestep: 625.0
current_timestep: 1000.0
current_timestep: 937.5
current_timestep: 833.3333129882812
current_timestep: 625.0
current_timestep: 1000.0
current_timestep: 937.5
current_timestep: 833.3333129882812
current_timestep: 625.0
current_timestep: 1000.0
current_timestep: 937.5
current_timestep: 833.3333129882812
current_timestep: 625.0
current_timestep: 1000.0
current_timestep: 937.5
current_timestep: 833.3333129882812
current_timestep: 625.0
current_timestep: 1000.0
current_timestep: 937.5
current_timestep: 833.3333129882812
current_timestep: 625.0
current_timestep: 1000.0
current_timestep: 937.5
current_timestep: 833.3333129882812
current_timestep: 625.0
current_timestep: 1000.0
current_timestep: 937.5
current_timestep: 833.3333129882812
current_timestep: 625.0
current_timestep: 1000.0
current_timestep: 937.5
current_timestep: 833.3333129882812
current_timestep: 625.0
current_timestep: 1000.0
current_timestep: 937.5
current_timestep: 833.3333129882812
current_timestep: 625.0
current_timestep: 1000.0
current_timestep: 937.5
current_timestep: 833.3333129882812
current_timestep: 625.0
current_timestep: 1000.0
current_timestep: 937.5
current_timestep: 833.3333129882812
current_timestep: 625.0
current_timestep: 1000.0
current_timestep: 937.5
current_timestep: 833.3333129882812
current_timestep: 625.0
Moving DynamicSwap_WanTextEncoder to cuda:0 with preserved memory: 13.283775806427002 GB
current_timestep: 1000.0
current_timestep: 937.5
current_timestep: 833.3333129882812
current_timestep: 625.0
current_timestep: 1000.0
current_timestep: 937.5
current_timestep: 833.3333129882812
current_timestep: 625.0
current_timestep: 1000.0
current_timestep: 937.5
current_timestep: 833.3333129882812
current_timestep: 625.0
current_timestep: 1000.0
current_timestep: 937.5
current_timestep: 833.3333129882812
current_timestep: 625.0
current_timestep: 1000.0
current_timestep: 937.5
current_timestep: 833.3333129882812
current_timestep: 625.0
current_timestep: 1000.0
current_timestep: 937.5
current_timestep: 833.3333129882812
current_timestep: 625.0
current_timestep: 1000.0
current_timestep: 937.5
current_timestep: 833.3333129882812
current_timestep: 625.0
current_timestep: 1000.0
current_timestep: 937.5
current_timestep: 833.3333129882812
current_timestep: 625.0
current_timestep: 1000.0
current_timestep: 937.5
current_timestep: 833.3333129882812
current_timestep: 625.0
current_timestep: 1000.0
current_timestep: 937.5
current_timestep: 833.3333129882812
current_timestep: 625.0
current_timestep: 1000.0
current_timestep: 937.5
current_timestep: 833.3333129882812
current_timestep: 625.0
current_timestep: 1000.0
current_timestep: 937.5
current_timestep: 833.3333129882812
current_timestep: 625.0
current_timestep: 1000.0
current_timestep: 937.5
current_timestep: 833.3333129882812
current_timestep: 625.0
current_timestep: 1000.0
current_timestep: 937.5
current_timestep: 833.3333129882812
current_timestep: 625.0
{
  "method": "FLOWCACHE_NATIVE",
  "num_prompts": 10,
  "num_samples": 1,
  "total_runtime_s": 591.5395279964432,
  "avg_runtime_s_per_prompt": 59.15395279964432,
  "peak_vram_bytes": 20756227072,
  "quantize_time_s": 0.0,
  "dequantize_time_s": 0.0,
  "bf16_kv_bytes": 12076646400,
  "compressed_kv_bytes": 12076646400,
  "compression_ratio": 1.0,
  "first_video_shape": [
    1,
    165,
    3,
    480,
    832
  ],
  "flowcache_native_total_blocks": 140.0,
  "flowcache_native_total_steps": 560.0,
  "flowcache_native_reuse_steps": 0.0,
  "flowcache_native_compute_steps": 560.0,
  "flowcache_native_reuse_ratio": 0.0,
  "flowcache_native_avg_rel_l1": 1.2819176712206433,
  "flowcache_native_rel_l1_thresh": 0.1
}
/home/suraj/miniforge3/envs/qvg_sf_infer/lib/python3.10/site-packages/torchvision/models/_utils.py:208: UserWarning: The parameter 'pretrained' is deprecated since 0.13 and may be removed in the future, please use 'weights' instead.
  warnings.warn(
/home/suraj/miniforge3/envs/qvg_sf_infer/lib/python3.10/site-packages/torchvision/models/_utils.py:223: UserWarning: Arguments other than a weight enum or `None` for 'weights' are deprecated since 0.13 and may be removed in the future. The current behavior is equivalent to passing `weights=AlexNet_Weights.IMAGENET1K_V1`. You can also use `weights=AlexNet_Weights.DEFAULT` to get the most up-to-date weights.
  warnings.warn(msg)
/home/suraj/miniforge3/envs/qvg_sf_infer/lib/python3.10/site-packages/lpips/lpips.py:107: FutureWarning: You are using `torch.load` with `weights_only=False` (the current default value), which uses the default pickle module implicitly. It is possible to construct malicious pickle data which will execute arbitrary code during unpickling (See https://github.com/pytorch/pytorch/blob/main/SECURITY.md#untrusted-models for more details). In a future release, the default value for `weights_only` will be flipped to `True`. This limits the functions that could be executed during unpickling. Arbitrary objects will no longer be allowed to be loaded via this mode unless they are explicitly allowlisted by the user via `torch.serialization.add_safe_globals`. We recommend you start setting `weights_only=True` for any use case where you don't have full control of the loaded file. Please open an issue on GitHub for any issues related to this experimental feature.
  self.load_state_dict(torch.load(model_path, map_location='cpu'), strict=False)
/home/suraj/miniforge3/envs/qvg_sf_infer/lib/python3.10/site-packages/skimage/metrics/simple_metrics.py:168: RuntimeWarning: divide by zero encountered in scalar divide
  return 10 * np.log10((data_range**2) / err)
Setting up [LPIPS] perceptual loss: trunk [alex], v[0.1], spatial [off]
Loading model from: /home/suraj/miniforge3/envs/qvg_sf_infer/lib/python3.10/site-packages/lpips/weights/v0.1/alex.pth
{
  "num_videos": 10,
  "psnr": Infinity,
  "ssim": 1.0,
  "lpips": 0.0
}
Using MASTER_PORT=24036
prompt_map_size=10
[rank0]:[W310 07:26:34.872189036 ProcessGroupNCCL.cpp:4115] [PG ID 0 PG GUID 0 Rank 0]  using GPU 0 to perform barrier as devices used by this process are currently unknown. This can potentially cause a hang if this rank to GPU mapping is incorrect.Specify device_ids in barrier() to force use of a particular device,or call init_process_group() with a device_id.
/home/suraj/miniforge3/envs/qvg_sf_eval/lib/python3.10/site-packages/clip/clip.py:6: UserWarning: pkg_resources is deprecated as an API. See https://setuptools.pypa.io/en/latest/pkg_resources.html. The pkg_resources package is slated for removal as early as 2025-11-30. Refrain from using this package or pin to Setuptools<81.
  from pkg_resources import packaging
args: Namespace(output_path='/data/vaishak/combined-kv-quant/results/runs/backfill_flowcache_native_6f32ad98b6b8_10s/metrics/vbench_FLOWCACHE_NATIVE', full_json_dir='/data/vaishak/combined-kv-quant/third_party/VBench/vbench/VBench_full_info.json', videos_path='/data/vaishak/combined-kv-quant/results/runs/backfill_flowcache_native_6f32ad98b6b8_10s/videos/FLOWCACHE_NATIVE', dimension=['background_consistency', 'imaging_quality', 'subject_consistency', 'aesthetic_quality'], load_ckpt_from_local=None, read_frame=None, mode='custom_input', prompt='None', prompt_file='/data/vaishak/combined-kv-quant/results/runs/backfill_flowcache_native_6f32ad98b6b8_10s/metrics/vbench_FLOWCACHE_NATIVE/prompt_map.json', category=None, imaging_quality_preprocessing_mode='longer')
start evaluation
Evaluation meta data saved to /data/vaishak/combined-kv-quant/results/runs/backfill_flowcache_native_6f32ad98b6b8_10s/metrics/vbench_FLOWCACHE_NATIVE/results_2026-03-10-07:26:34_full_info.json
cur_full_info_path: /data/vaishak/combined-kv-quant/results/runs/backfill_flowcache_native_6f32ad98b6b8_10s/metrics/vbench_FLOWCACHE_NATIVE/results_2026-03-10-07:26:34_full_info.json
  0%|          | 0/10 [00:00<?, ?it/s] 10%|█         | 1/10 [00:01<00:10,  1.18s/it] 20%|██        | 2/10 [00:02<00:09,  1.18s/it] 30%|███       | 3/10 [00:03<00:07,  1.10s/it] 40%|████      | 4/10 [00:04<00:06,  1.06s/it] 50%|█████     | 5/10 [00:05<00:05,  1.04s/it] 60%|██████    | 6/10 [00:06<00:04,  1.04s/it] 70%|███████   | 7/10 [00:07<00:03,  1.02s/it] 80%|████████  | 8/10 [00:08<00:01,  1.01it/s] 90%|█████████ | 9/10 [00:09<00:00,  1.05it/s]100%|██████████| 10/10 [00:10<00:00,  1.04it/s]100%|██████████| 10/10 [00:10<00:00,  1.02s/it]
/home/suraj/miniforge3/envs/qvg_sf_eval/lib/python3.10/site-packages/timm/models/layers/__init__.py:48: FutureWarning: Importing from timm.models.layers is deprecated, please import via timm.layers
  warnings.warn(f"Importing from {__name__} is deprecated, please import via timm.layers", FutureWarning)
/home/suraj/miniforge3/envs/qvg_sf_eval/lib/python3.10/site-packages/pyiqa/archs/arch_util.py:118: FutureWarning: You are using `torch.load` with `weights_only=False` (the current default value), which uses the default pickle module implicitly. It is possible to construct malicious pickle data which will execute arbitrary code during unpickling (See https://github.com/pytorch/pytorch/blob/main/SECURITY.md#untrusted-models for more details). In a future release, the default value for `weights_only` will be flipped to `True`. This limits the functions that could be executed during unpickling. Arbitrary objects will no longer be allowed to be loaded via this mode unless they are explicitly allowlisted by the user via `torch.serialization.add_safe_globals`. We recommend you start setting `weights_only=True` for any use case where you don't have full control of the loaded file. Please open an issue on GitHub for any issues related to this experimental feature.
  state_dict = torch.load(model_path, map_location=torch.device("cpu"))
cur_full_info_path: /data/vaishak/combined-kv-quant/results/runs/backfill_flowcache_native_6f32ad98b6b8_10s/metrics/vbench_FLOWCACHE_NATIVE/results_2026-03-10-07:26:34_full_info.json
Loading pretrained model MUSIQ from /home/vaishak/.cache/vbench/pyiqa_model/musiq_spaq_ckpt-358bb6af.pth
  0%|          | 0/10 [00:00<?, ?it/s] 10%|█         | 1/10 [00:03<00:35,  3.92s/it] 20%|██        | 2/10 [00:06<00:26,  3.33s/it] 30%|███       | 3/10 [00:12<00:31,  4.56s/it] 40%|████      | 4/10 [00:20<00:34,  5.75s/it] 50%|█████     | 5/10 [00:26<00:29,  5.85s/it] 60%|██████    | 6/10 [00:29<00:20,  5.04s/it] 70%|███████   | 7/10 [00:35<00:15,  5.23s/it] 80%|████████  | 8/10 [00:41<00:11,  5.60s/it] 90%|█████████ | 9/10 [00:47<00:05,  5.64s/it]100%|██████████| 10/10 [00:50<00:00,  4.82s/it]100%|██████████| 10/10 [00:50<00:00,  5.06s/it]
Using cache found in /home/vaishak/.cache/torch/hub/facebookresearch_dino_main
2026-03-10 07:27:47,350 - vbench.subject_consistency - INFO - Initialize DINO success
cur_full_info_path: /data/vaishak/combined-kv-quant/results/runs/backfill_flowcache_native_6f32ad98b6b8_10s/metrics/vbench_FLOWCACHE_NATIVE/results_2026-03-10-07:26:34_full_info.json
  0%|          | 0/10 [00:00<?, ?it/s] 10%|█         | 1/10 [00:02<00:18,  2.10s/it] 20%|██        | 2/10 [00:04<00:18,  2.26s/it] 30%|███       | 3/10 [00:06<00:16,  2.33s/it] 40%|████      | 4/10 [00:09<00:14,  2.34s/it] 50%|█████     | 5/10 [00:11<00:11,  2.38s/it] 60%|██████    | 6/10 [00:14<00:09,  2.40s/it] 70%|███████   | 7/10 [00:16<00:07,  2.37s/it] 80%|████████  | 8/10 [00:18<00:04,  2.33s/it] 90%|█████████ | 9/10 [00:20<00:02,  2.31s/it]100%|██████████| 10/10 [00:23<00:00,  2.38s/it]100%|██████████| 10/10 [00:23<00:00,  2.35s/it]
/data/vaishak/kv-quant-longhorizon/third_party/VBench/vbench/aesthetic_quality.py:41: FutureWarning: You are using `torch.load` with `weights_only=False` (the current default value), which uses the default pickle module implicitly. It is possible to construct malicious pickle data which will execute arbitrary code during unpickling (See https://github.com/pytorch/pytorch/blob/main/SECURITY.md#untrusted-models for more details). In a future release, the default value for `weights_only` will be flipped to `True`. This limits the functions that could be executed during unpickling. Arbitrary objects will no longer be allowed to be loaded via this mode unless they are explicitly allowlisted by the user via `torch.serialization.add_safe_globals`. We recommend you start setting `weights_only=True` for any use case where you don't have full control of the loaded file. Please open an issue on GitHub for any issues related to this experimental feature.
  s = torch.load(path_to_model)
cur_full_info_path: /data/vaishak/combined-kv-quant/results/runs/backfill_flowcache_native_6f32ad98b6b8_10s/metrics/vbench_FLOWCACHE_NATIVE/results_2026-03-10-07:26:34_full_info.json
  0%|          | 0/10 [00:00<?, ?it/s] 10%|█         | 1/10 [00:00<00:08,  1.00it/s] 20%|██        | 2/10 [00:02<00:08,  1.04s/it] 30%|███       | 3/10 [00:03<00:07,  1.04s/it] 40%|████      | 4/10 [00:04<00:06,  1.04s/it] 50%|█████     | 5/10 [00:05<00:05,  1.13s/it] 60%|██████    | 6/10 [00:06<00:04,  1.13s/it] 70%|███████   | 7/10 [00:07<00:03,  1.14s/it] 80%|████████  | 8/10 [00:08<00:02,  1.14s/it] 90%|█████████ | 9/10 [00:09<00:01,  1.14s/it]100%|██████████| 10/10 [00:11<00:00,  1.12s/it]100%|██████████| 10/10 [00:11<00:00,  1.11s/it]
Evaluation results saved to /data/vaishak/combined-kv-quant/results/runs/backfill_flowcache_native_6f32ad98b6b8_10s/metrics/vbench_FLOWCACHE_NATIVE/results_2026-03-10-07:26:34_eval_results.json
done
[rank0]:[W310 07:28:32.049060055 ProcessGroupNCCL.cpp:1250] Warning: WARNING: process group has NOT been destroyed before we destruct ProcessGroupNCCL. On normal program exit, the application should call destroy_process_group to ensure that any pending NCCL operations have finished in this process. In rare cases this process can exit before this point and block the progress of another member of the process group. This constraint has always been present,  but this warning has only been added since PyTorch 2.4 (function operator())
Saved /data/vaishak/combined-kv-quant/results/runs/backfill_flowcache_native_6f32ad98b6b8_10s/metrics/vbench_FLOWCACHE_NATIVE.json
Wrote /data/vaishak/combined-kv-quant/results/runs/backfill_flowcache_native_6f32ad98b6b8_10s/tables/baseline_summary.csv
Wrote /data/vaishak/combined-kv-quant/results/runs/backfill_flowcache_native_6f32ad98b6b8_10s/tables/baseline_summary.md
$ /home/suraj/miniforge3/envs/qvg_sf_infer/bin/python /data/vaishak/combined-kv-quant/scripts/01_generate.py --results-root /data/vaishak/combined-kv-quant/results/runs/backfill_flowcache_native_6f32ad98b6b8_10s/profile_pass --method FLOWCACHE_PROFILE --max-prompts 10 --num-output-frames 42 --seed 0 --flowcache-recent-ratio 0.25 --device cuda:0 --use-ema --device cuda:0 --use-ema --flowcache-native-rel-l1-thresh 0.1 --flowcache-native-warmup-steps 0
$ /home/suraj/miniforge3/envs/qvg_sf_infer/bin/python /data/vaishak/combined-kv-quant/scripts/01_generate.py --results-root /data/vaishak/combined-kv-quant/results/runs/backfill_flowcache_native_6f32ad98b6b8_10s --method FLOWCACHE_NATIVE --max-prompts 10 --num-output-frames 42 --seed 0 --device cuda:0 --use-ema --flowcache-native-rel-l1-thresh 0.1 --flowcache-native-warmup-steps 0 --flowcache-layer-budget-path /data/vaishak/combined-kv-quant/results/runs/backfill_flowcache_native_6f32ad98b6b8_10s/metrics/flowcache_profile_layer_budget.json
$ /home/suraj/miniforge3/envs/qvg_sf_infer/bin/python /data/vaishak/combined-kv-quant/scripts/02_eval_fidelity.py --bf16-dir /data/vaishak/kv-quant-longhorizon/results/runs/1772751420_baseline10s_10prompts_v3/videos/BF16 --candidate-dir /data/vaishak/combined-kv-quant/results/runs/backfill_flowcache_native_6f32ad98b6b8_10s/videos/FLOWCACHE_NATIVE --output /data/vaishak/combined-kv-quant/results/runs/backfill_flowcache_native_6f32ad98b6b8_10s/metrics/fidelity_FLOWCACHE_NATIVE.json --device cpu
$ bash /data/vaishak/combined-kv-quant/scripts/03_eval_vbench.sh FLOWCACHE_NATIVE /data/vaishak/combined-kv-quant/results/runs/backfill_flowcache_native_6f32ad98b6b8_10s/videos/FLOWCACHE_NATIVE /data/vaishak/combined-kv-quant/prompts/MovieGenVideoBench_extended.txt /data/vaishak/combined-kv-quant/results/runs/backfill_flowcache_native_6f32ad98b6b8_10s/metrics/vbench_FLOWCACHE_NATIVE /data/vaishak/combined-kv-quant/results/runs/backfill_flowcache_native_6f32ad98b6b8_10s/metrics/vbench_FLOWCACHE_NATIVE.json
$ /home/suraj/miniforge3/envs/qvg_sf_infer/bin/python /data/vaishak/combined-kv-quant/scripts/05_summarize_results.py --results-root /data/vaishak/combined-kv-quant/results/runs/backfill_flowcache_native_6f32ad98b6b8_10s --methods BF16 FLOWCACHE_NATIVE RTN_INT4
Backfill completed for FLOWCACHE_NATIVE under /data/vaishak/combined-kv-quant/results/runs/backfill_flowcache_native_6f32ad98b6b8_10s
